Archive member included to satisfy reference by file (symbol)

build/openmote-cc2538_armgcc/openstack/libopenstack.a(openstack.o)
                              build/openmote-cc2538_armgcc/projects/common/03oos_openwsn/03oos_openwsn.o (openstack_init)
build/openmote-cc2538_armgcc/openstack/libopenstack.a(IEEE802154E.o)
                              build/openmote-cc2538_armgcc/openstack/libopenstack.a(openstack.o) (ieee154e_init)
build/openmote-cc2538_armgcc/openstack/libopenstack.a(IEEE802154_security.o)
                              build/openmote-cc2538_armgcc/openstack/libopenstack.a(IEEE802154E.o) (IEEE802154_security_init)
build/openmote-cc2538_armgcc/openstack/libopenstack.a(neighbors.o)
                              build/openmote-cc2538_armgcc/openstack/libopenstack.a(openstack.o) (neighbors_init)
build/openmote-cc2538_armgcc/openstack/libopenstack.a(msf.o)
                              build/openmote-cc2538_armgcc/openstack/libopenstack.a(openstack.o) (msf_init)
build/openmote-cc2538_armgcc/openstack/libopenstack.a(schedule.o)
                              build/openmote-cc2538_armgcc/openstack/libopenstack.a(openstack.o) (schedule_init)
build/openmote-cc2538_armgcc/openstack/libopenstack.a(sixtop.o)
                              build/openmote-cc2538_armgcc/openstack/libopenstack.a(openstack.o) (sixtop_init)
build/openmote-cc2538_armgcc/openstack/libopenstack.a(iphc.o)
                              build/openmote-cc2538_armgcc/openstack/libopenstack.a(openstack.o) (iphc_init)
build/openmote-cc2538_armgcc/openstack/libopenstack.a(openbridge.o)
                              build/openmote-cc2538_armgcc/openstack/libopenstack.a(openstack.o) (openbridge_init)
build/openmote-cc2538_armgcc/openstack/libopenstack.a(forwarding.o)
                              build/openmote-cc2538_armgcc/openstack/libopenstack.a(openstack.o) (forwarding_init)
build/openmote-cc2538_armgcc/openstack/libopenstack.a(icmpv6.o)
                              build/openmote-cc2538_armgcc/openstack/libopenstack.a(openstack.o) (icmpv6_init)
build/openmote-cc2538_armgcc/openstack/libopenstack.a(icmpv6echo.o)
                              build/openmote-cc2538_armgcc/openstack/libopenstack.a(openstack.o) (icmpv6echo_init)
build/openmote-cc2538_armgcc/openstack/libopenstack.a(icmpv6rpl.o)
                              build/openmote-cc2538_armgcc/openstack/libopenstack.a(openstack.o) (icmpv6rpl_init)
build/openmote-cc2538_armgcc/openstack/libopenstack.a(openudp.o)
                              build/openmote-cc2538_armgcc/openstack/libopenstack.a(openstack.o) (openudp_init)
build/openmote-cc2538_armgcc/openstack/libopenstack.a(idmanager.o)
                              build/openmote-cc2538_armgcc/openstack/libopenstack.a(openstack.o) (idmanager_init)
build/openmote-cc2538_armgcc/openstack/libopenstack.a(openqueue.o)
                              build/openmote-cc2538_armgcc/openstack/libopenstack.a(openstack.o) (openqueue_init)
build/openmote-cc2538_armgcc/openstack/libopenstack.a(openrandom.o)
                              build/openmote-cc2538_armgcc/openstack/libopenstack.a(openstack.o) (openrandom_init)
build/openmote-cc2538_armgcc/openstack/libopenstack.a(packetfunctions.o)
                              build/openmote-cc2538_armgcc/openstack/libopenstack.a(neighbors.o) (packetfunctions_ip128bToMac64b)
build/openmote-cc2538_armgcc/openstack/libopenstack.a(IEEE802154.o)
                              build/openmote-cc2538_armgcc/openstack/libopenstack.a(IEEE802154E.o) (ieee802154_prependHeader)
build/openmote-cc2538_armgcc/openstack/libopenstack.a(topology.o)
                              build/openmote-cc2538_armgcc/openstack/libopenstack.a(IEEE802154.o) (topology_isAcceptablePacket)
build/openmote-cc2538_armgcc/openapps/libopenapps.a(openapps_dyn.o)
                              build/openmote-cc2538_armgcc/openstack/libopenstack.a(openstack.o) (openapps_init)
build/openmote-cc2538_armgcc/openapps/libopenapps.a(opencoap.o)
                              build/openmote-cc2538_armgcc/openapps/libopenapps.a(openapps_dyn.o) (opencoap_init)
build/openmote-cc2538_armgcc/openapps/libopenapps.a(cinfo.o)
                              build/openmote-cc2538_armgcc/openapps/libopenapps.a(openapps_dyn.o) (cinfo_init)
build/openmote-cc2538_armgcc/openapps/libopenapps.a(cwellknown.o)
                              build/openmote-cc2538_armgcc/openapps/libopenapps.a(openapps_dyn.o) (cwellknown_init)
build/openmote-cc2538_armgcc/openapps/libopenapps.a(whisper.o)
                              build/openmote-cc2538_armgcc/openapps/libopenapps.a(openapps_dyn.o) (whisper_init)
build/openmote-cc2538_armgcc/openapps/libopenapps.a(whispersender.o)
                              build/openmote-cc2538_armgcc/openapps/libopenapps.a(openapps_dyn.o) (whispersender_init)
build/openmote-cc2538_armgcc/openapps/libopenapps.a(openoscoap.o)
                              build/openmote-cc2538_armgcc/openapps/libopenapps.a(opencoap.o) (openoscoap_protect_message)
[...]
Memory Configuration

Name             Origin             Length             Attributes
FLASH            0x0000000000200000 0x000000000007ffd4 xr
FLASH_CCA        0x000000000027ffd4 0x000000000000000c xr
SRAM             0x0000000020004000 0x0000000000004000 xrw
*default*        0x0000000000000000 0xffffffffffffffff

Linker script and memory map

LOAD build/openmote-cc2538_armgcc/projects/common/03oos_openwsn/03oos_openwsn.o
LOAD build/openmote-cc2538_armgcc/openstack/libopenstack.a
LOAD build/openmote-cc2538_armgcc/openapps/libopenapps.a
LOAD build/openmote-cc2538_armgcc/openstack/libopenstack.a
LOAD build/openmote-cc2538_armgcc/kernel/openos/libkernel.a
LOAD build/openmote-cc2538_armgcc/drivers/libdrivers.a
LOAD build/openmote-cc2538_armgcc/bsp/boards/libbsp.a
START GROUP
LOAD /usr/lib/gcc/arm-none-eabi/5.4.1/armv7-m/libgcc.a
LOAD /usr/lib/gcc/arm-none-eabi/5.4.1/../../../arm-none-eabi/lib/armv7-m/libg.a
LOAD /usr/lib/gcc/arm-none-eabi/5.4.1/../../../arm-none-eabi/lib/armv7-m/libc.a
END GROUP

.text           0x0000000000200000    0x1d23f
                0x0000000000200000                _text = .
 *(.vectors)
 .vectors       0x0000000000200000      0x28c build/openmote-cc2538_armgcc/bsp/boards/libbsp.a(startup_gcc.o)
                0x0000000000200000                gVectors
 *(.text*)
 .text          0x000000000020028c       0x30 build/openmote-cc2538_armgcc/projects/common/03oos_openwsn/03oos_openwsn.o
                0x000000000020028c                mote_main
                0x00000000002002a8                sniffer_setListeningChannel
 .text          0x00000000002002bc       0x5c build/openmote-cc2538_armgcc/openstack/libopenstack.a(openstack.o)
                0x00000000002002bc                openstack_init
 .text          0x0000000000200318     0x2e9c build/openmote-cc2538_armgcc/openstack/libopenstack.a(IEEE802154E.o)
                0x0000000000200318                ieee154e_init
                0x0000000000200404                ieee154e_asnDiff
                0x00000000002004b0                ieee154e_computeAsnDiff
                0x0000000000200550                ieee154e_calculateExpTime
                0x0000000000200614                ieee154e_orderToASNStructure
                0x000000000020066c                isr_ieee154e_newSlot
                0x0000000000200700                isr_ieee154e_timer
                0x000000000020081c                ieee154e_startOfFrame
                0x00000000002008f0                ieee154e_endOfFrame
                0x00000000002009c4                debugPrint_asn
                0x0000000000200a04                debugPrint_isSync
                0x0000000000200a30                debugPrint_macStats
                0x0000000000200a48                activity_synchronize_newSlot
                0x0000000000200b60                activity_synchronize_startOfFrame
                0x0000000000200b9c                activity_synchronize_endOfFrame
                0x0000000000200e64                ieee154e_processIEs
                0x0000000000200ef4                activity_ti1ORri1
                0x0000000000201448                activity_ti2
                0x00000000002014f4                activity_tie1
                0x0000000000201518                activity_ti3
                0x0000000000201558                activity_tie2
                0x000000000020157c                activity_ti4
                0x00000000002015e4                activity_tie3
                0x0000000000201608                activity_ti5
                0x00000000002016d8                activity_ti6
                0x000000000020173c                activity_tie4
                0x0000000000201760                activity_ti7
                0x00000000002017a0                activity_tie5
                0x00000000002017fc                activity_ti8
                0x0000000000201864                activity_tie6
                0x0000000000201888                activity_ti9
                0x0000000000201b34                activity_ri2
                0x0000000000201b98                activity_rie1
                0x0000000000201bbc                activity_ri3
                0x0000000000201bfc                activity_rie2
                0x0000000000201c08                activity_ri4
                0x0000000000201c78                activity_rie3
                0x0000000000201c9c                activity_ri5
                0x0000000000202060                activity_ri6
                0x000000000020220c                activity_rie4
                0x0000000000202230                activity_ri7
                0x0000000000202270                activity_rie5
                0x0000000000202294                activity_ri8
                0x00000000002022fc                activity_rie6
                0x0000000000202320                activity_ri9
                0x0000000000202390                isValidRxFrame
                0x0000000000202400                isValidAck
                0x0000000000202474                incrementAsnOffset
                0x0000000000202528                ieee154e_resetAsn
                0x0000000000202560                ieee154e_getAsn
                0x00000000002025c8                ieee154e_getTimeCorrection
                0x00000000002025e8                joinPriorityStoreFromEB
                0x0000000000202618                isValidJoin
                0x00000000002026c8                isValidEbFormat
                0x0000000000202a60                asnStoreFromEB
                0x0000000000202ab8                ieee154e_syncSlotOffset
                0x0000000000202b94                ieee154e_setIsAckEnabled
                0x0000000000202bb4                ieee154e_setSingleChannel
                0x0000000000202bf0                ieee154e_setIsSecurityEnabled
                0x0000000000202c10                ieee154e_setSlotDuration
                0x0000000000202c30                ieee154e_getSlotDuration
                0x0000000000202c48                timeslotTemplateIDStoreFromEB
                0x0000000000202c68                channelhoppingTemplateIDStoreFromEB
                0x0000000000202c88                synchronizePacket
                0x0000000000202d40                synchronizeAck
                0x0000000000202dc0                changeIsSync
                0x0000000000202df8                notif_sendDone
                0x0000000000202e38                notif_receive
                0x0000000000202e78                resetStats
                0x0000000000202ed8                updateStats
                0x0000000000202f20                calculateFrequency
                0x0000000000202f70                changeState
                0x000000000020301c                endSlot
                0x00000000002031a0                ieee154e_isSynch
 .text          0x00000000002031b4      0x1dc build/openmote-cc2538_armgcc/openstack/libopenstack.a(IEEE802154_security.o)
                0x00000000002031b4                IEEE802154_security_init
                0x00000000002031f4                IEEE802154_security_getBeaconKeyIndex
                0x0000000000203208                IEEE802154_security_getDataKeyIndex
                0x000000000020321c                IEEE802154_security_setBeaconKey
                0x0000000000203254                IEEE802154_security_setDataKey
                0x000000000020328c                IEEE802154_security_isConfigured
                0x00000000002032c4                IEEE802154_security_setDynamicKeying
                0x00000000002032dc                IEEE802154_security_prependAuxiliarySecurityHeader
                0x00000000002032f0                IEEE802154_security_retrieveAuxiliarySecurityHeader
                0x0000000000203304                IEEE802154_security_outgoingFrameSecurity
                0x0000000000203318                IEEE802154_security_incomingFrame
                0x000000000020332c                IEEE802154_security_authLengthChecking
                0x0000000000203344                IEEE802154_security_auxLengthChecking
                0x0000000000203364                IEEE802154_security_getSecurityLevel
                0x0000000000203378                IEEE802154_security_acceptableLevel
 .text          0x0000000000203390     0x1378 build/openmote-cc2538_armgcc/openstack/libopenstack.a(neighbors.o)
                0x0000000000203390                neighbors_init
                0x00000000002033a8                neighbors_getNumNeighbors
                0x00000000002033f0                neighbors_getNeighborRank
                0x000000000020341c                neighbors_getRssi
                0x0000000000203448                neighbors_getNumTx
                0x0000000000203474                neighbors_getKANeighbor
                0x00000000002034ec                neighbors_getJoinProxy
                0x0000000000203584                neighbors_getNeighborNoResource
                0x00000000002035b0                neighbors_getNeighborIsInBlacklist
                0x00000000002035dc                neighbors_getSequenceNumber
                0x0000000000203638                neighbors_isStableNeighbor
                0x00000000002036d8                neighbors_isStableNeighborByIndex
                0x0000000000203728                neighbors_isInsecureNeighbor
                0x0000000000203798                neighbors_isNeighborWithHigherDAGrank
                0x00000000002037ec                neighbors_reachedMinimalTransmission
                0x000000000020383c                neighbors_indicateRx
                0x0000000000203a9c                neighbors_indicateTx
                0x0000000000203c08                neighbors_updateSequenceNumber
                0x0000000000203ca8                neighbors_resetSequenceNumber
                0x0000000000203d04                neighbors_getNeighborEui64
                0x0000000000203d74                neighbors_updateBackoff
                0x0000000000203e3c                neighbors_decreaseBackoff
                0x0000000000203ec4                neighbors_backoffHitZero
                0x0000000000203f2c                neighbors_resetBackoff
                0x0000000000203f9c                neighbors_setNeighborRank
                0x0000000000203fd0                neighbors_setNeighborNoResource
                0x0000000000204020                neighbors_setPreferredParent
                0x0000000000204054                neighbors_getLinkMetric
                0x0000000000204170                neighbors_removeOld
                0x0000000000204280                debugPrint_neighbors
                0x0000000000204314                registerNewNeighbor
                0x00000000002044ec                isNeighbor
                0x0000000000204528                removeNeighbor
                0x0000000000204694                isThisRowMatching
 .text          0x0000000000204708      0x69c build/openmote-cc2538_armgcc/openstack/libopenstack.a(msf.o)
                0x0000000000204708                msf_init
                0x0000000000204784                msf_updateCellsPassed
                0x00000000002047e4                msf_updateCellsUsed
                0x0000000000204818                msf_trigger6pClear
                0x0000000000204854                msf_getsfid
                0x0000000000204864                msf_getMetadata
                0x0000000000204874                msf_translateMetadata
                0x0000000000204884                msf_handleRCError
                0x0000000000204914                msf_timer_waitretry_cb
                0x0000000000204934                msf_timer_housekeeping_cb
                0x000000000020497c                msf_timer_housekeeping_task
                0x00000000002049c0                msf_timer_clear_task
                0x0000000000204a08                msf_trigger6pAdd
                0x0000000000204a98                msf_trigger6pDelete
                0x0000000000204b40                msf_appPktPeriod
                0x0000000000204b60                msf_candidateAddCellList
                0x0000000000204c14                msf_candidateRemoveCellList
                0x0000000000204cc0                msf_housekeeping
 .text          0x0000000000204da4      0xe98 build/openmote-cc2538_armgcc/openstack/libopenstack.a(schedule.o)
                0x0000000000204da4                schedule_init
                0x0000000000204e44                schedule_startDAGroot
                0x0000000000204eac                debugPrint_schedule
                0x0000000000204ffc                debugPrint_backoff
                0x000000000020502c                schedule_setFrameLength
                0x0000000000205060                schedule_setFrameHandle
                0x0000000000205088                schedule_setFrameNumber
                0x00000000002050b0                schedule_getSlotInfo
                0x0000000000205138                schedule_addActiveSlot
                0x00000000002052f0                schedule_removeActiveSlot
                0x00000000002053e0                schedule_isSlotOffsetAvailable
                0x0000000000205440                schedule_removeAllCells
                0x00000000002054a0                schedule_getNumberOfFreeEntries
                0x00000000002054f0                schedule_getNumberOfDedicatedCells
                0x0000000000205548                schedule_getNonParentNeighborWithDedicatedCells
                0x00000000002055c4                schedule_isNumTxWrapped
                0x0000000000205630                schedule_getCellsToBeRelocated
                0x00000000002057a0                schedule_hasDedicatedCellToNeighbor
                0x0000000000205808                schedule_syncSlotOffset
                0x000000000020583c                schedule_advanceSlot
                0x0000000000205860                schedule_getNextActiveSlotOffset
                0x0000000000205888                schedule_getFrameLength
                0x00000000002058ac                schedule_getType
                0x00000000002058d4                schedule_getNeighbor
                0x0000000000205904                schedule_getChannelOffset
                0x000000000020592c                schedule_getOkToSend
                0x00000000002059bc                schedule_resetBackoff
                0x00000000002059e0                schedule_indicateRx
                0x0000000000205a1c                schedule_indicateTx
                0x0000000000205b44                schedule_getOneCellAfterOffset
                0x0000000000205bd4                schedule_resetEntry
 .text          0x0000000000205c3c     0x2928 build/openmote-cc2538_armgcc/openstack/libopenstack.a(sixtop.o)
                0x0000000000205c3c                sixtop_init
                0x0000000000205cfc                sixtop_setKaPeriod
                0x0000000000205d2c                sixtop_setEBPeriod
                0x0000000000205d54                sixtop_setSFcallback
                0x0000000000205d88                sixtop_request
                0x0000000000206290                sixtop_send
                0x000000000020635c                task_sixtopNotifSendDone
                0x0000000000206414                task_sixtopNotifReceive
                0x000000000020651c                debugPrint_myDAGrank
                0x0000000000206544                debugPrint_kaPeriod
                0x000000000020656c                sixtop_setIsResponseEnabled
                0x000000000020658c                sixtop_send_internal
                0x000000000020664c                sixtop_sendingEb_timer_cb
                0x000000000020669c                sixtop_maintenance_timer_cb
                0x00000000002066bc                sixtop_timeout_timer_cb
                0x00000000002066dc                timer_sixtop_sendEb_fired
                0x000000000020675c                timer_sixtop_management_fired
                0x00000000002067a4                sixtop_sendEB
                0x00000000002069cc                sixtop_sendKA
                0x0000000000206abc                timer_sixtop_six2six_timeout_fired
                0x0000000000206b08                sixtop_six2six_sendDone
                0x0000000000206c9c                sixtop_processIEs
                0x0000000000206e10                sixtop_six2six_notifyReceive
                0x0000000000207f70                sixtop_addCells
                0x00000000002082bc                sixtop_removeCells
                0x000000000020834c                sixtop_areAvailableCellsToBeScheduled
                0x00000000002083fc                sixtop_areAvailableCellsToBeRemoved
 .text          0x0000000000208564     0x1b8c build/openmote-cc2538_armgcc/openstack/libopenstack.a(iphc.o)
                0x0000000000208564                iphc_init
                0x0000000000208570                iphc_sendFromForwarding
                0x00000000002088e4                iphc_sendFromBridge
                0x0000000000208924                iphc_sendDone
                0x000000000020895c                iphc_receive
                0x0000000000208a64                iphc_prependIPv6Header
                0x0000000000208e2c                iphc_retrieveIPv6Header
                0x0000000000209344                iphc_retrieveIphcHeader
                0x0000000000209a84                iphc_prependIPv6HopByHopHeader
                0x0000000000209b3c                iphc_prependIPv6DeadlineHeader
                0x0000000000209d34                iphc_retrieveIPv6HopByHopHeader
                0x0000000000209e30                iphc_retrieveIPv6DeadlineHeader
                0x000000000020a088                iphc_getDeadlineInfo
                0x000000000020a0b8                iphc_getAsnLen
 .text          0x000000000020a0f0      0x198 build/openmote-cc2538_armgcc/openstack/libopenstack.a(openbridge.o)
                0x000000000020a0f0                openbridge_init
                0x000000000020a0fc                openbridge_triggerData
                0x000000000020a1f4                openbridge_sendDone
                0x000000000020a228                openbridge_receive
 .text          0x000000000020a288      0xfd0 build/openmote-cc2538_armgcc/openstack/libopenstack.a(forwarding.o)
                0x000000000020a288                forwarding_init
                0x000000000020a294                forwarding_send
                0x000000000020a60c                forwarding_sendDone
                0x000000000020a67c                forwarding_receive
                0x000000000020a880                forwarding_getNextHopWhisper
                0x000000000020a8a0                forwarding_getNextHop
                0x000000000020a904                forwarding_send_internal_RoutingTable
                0x000000000020aa14                forwarding_send_internal_SourceRouting
                0x000000000020b1c0                forwarding_createRplOption
                0x000000000020b240                forwarding_createDeadlineOption
 .text          0x000000000020b258       0xe8 build/openmote-cc2538_armgcc/openstack/libopenstack.a(icmpv6.o)
                0x000000000020b258                icmpv6_init
                0x000000000020b264                icmpv6_send
                0x000000000020b288                icmpv6_sendDone
                0x000000000020b2e4                icmpv6_receive
 .text          0x000000000020b340      0x2bc build/openmote-cc2538_armgcc/openstack/libopenstack.a(icmpv6echo.o)
                0x000000000020b340                icmpv6echo_init
                0x000000000020b364                icmpv6echo_trigger
                0x000000000020b47c                icmpv6echo_sendDone
                0x000000000020b4bc                icmpv6echo_receive
                0x000000000020b5dc                icmpv6echo_setIsReplyEnabled
 .text          0x000000000020b5fc     0x13c8 build/openmote-cc2538_armgcc/openstack/libopenstack.a(icmpv6rpl.o)
                0x000000000020b5fc                icmpv6rpl_init
                0x000000000020b8f4                icmpv6rpl_writeDODAGid
                0x000000000020b92c                icmpv6rpl_getRPLIntanceID
                0x000000000020b944                icmpv6rpl_getRPLDODAGid
                0x000000000020b980                icmpv6rpl_sendDone
                0x000000000020b9d8                icmpv6rpl_receive
                0x000000000020ba4c                icmpv6rpl_getPreferredParentIndex
                0x000000000020ba74                icmpv6rpl_getPreferredParentEui64
                0x000000000020bad8                icmpv6rpl_isPreferredParent
                0x000000000020bb3c                icmpv6rpl_getMyDAGrank
                0x000000000020bb54                icmpv6rpl_setMyDAGrank
                0x000000000020bb74                icmpv6rpl_updateMyDAGrankAndParentSelection
                0x000000000020be3c                icmpv6rpl_indicateRxDIO
                0x000000000020c1f8                icmpv6rpl_killPreferredParent
                0x000000000020c22c                icmpv6rpl_timer_DIO_cb
                0x000000000020c274                icmpv6rpl_timer_DIO_task
                0x000000000020c304                icmpv6rpl_sendWhisperDIO
                0x000000000020c490                sendDIO
                0x000000000020c654                icmpv6rpl_timer_DAO_cb
                0x000000000020c69c                icmpv6rpl_timer_DAO_task
                0x000000000020c6dc                sendDAO
                0x000000000020c944                icmpv6rpl_setDIOPeriod
                0x000000000020c974                icmpv6rpl_setDAOPeriod
                0x000000000020c9a4                icmpv6rpl_daoSent
 .text          0x000000000020c9c4      0x500 build/openmote-cc2538_armgcc/openstack/libopenstack.a(openudp.o)
                0x000000000020c9c4                openudp_init
                0x000000000020c9dc                openudp_register
                0x000000000020ca00                openudp_send
                0x000000000020cc04                openudp_sendDone
                0x000000000020cc84                openudp_receive
                0x000000000020ce80                openudp_debugPrint
 .text          0x000000000020cec4      0x554 build/openmote-cc2538_armgcc/openstack/libopenstack.a(idmanager.o)
                0x000000000020cec4                idmanager_init
                0x000000000020cf64                idmanager_getIsDAGroot
                0x000000000020cf88                idmanager_setIsDAGroot
                0x000000000020cfb4                idmanager_getIsSlotSkip
                0x000000000020cfd8                idmanager_getMyID
                0x000000000020d054                idmanager_setMyID
                0x000000000020d120                idmanager_isMyAddress
                0x000000000020d210                idmanager_triggerAboutRoot
                0x000000000020d314                idmanager_setJoinKey
                0x000000000020d340                idmanager_getJoinKey
                0x000000000020d35c                idmanager_setJoinAsn
                0x000000000020d380                debugPrint_id
                0x000000000020d3d8                debugPrint_joined
 .text          0x000000000020d418      0x818 build/openmote-cc2538_armgcc/openstack/libopenstack.a(openqueue.o)
                0x000000000020d418                openqueue_init
                0x000000000020d450                debugPrint_queue
                0x000000000020d4c0                openqueue_getFreePacketBuffer
                0x000000000020d580                openqueue_freePacketBuffer
                0x000000000020d610                openqueue_removeAllCreatedBy
                0x000000000020d66c                openqueue_sixtopGetSentPacket
                0x000000000020d6d8                openqueue_sixtopGetReceivedPacket
                0x000000000020d744                openqueue_macGetDataPacket
                0x000000000020d8d8                openqueue_isHighPriorityEntryEnough
                0x000000000020d934                openqueue_macGetEBPacket
                0x000000000020d9c0                openqueue_macGetDIOPacket
                0x000000000020dac4                openqueue_macGetDedicatedPacket
                0x000000000020dbb0                openqueue_reset_entry
 .text          0x000000000020dc30       0xb8 build/openmote-cc2538_armgcc/openstack/libopenstack.a(openrandom.o)
                0x000000000020dc30                openrandom_init
                0x000000000020dc74                openrandom_get16b
 .text          0x000000000020dce8      0xb78 build/openmote-cc2538_armgcc/openstack/libopenstack.a(packetfunctions.o)
                0x000000000020dce8                packetfunctions_ip128bToMac64b
                0x000000000020dd48                packetfunctions_mac64bToIp128b
                0x000000000020ddac                packetfunctions_mac64bToMac16b
                0x000000000020ddf4                packetfunctions_mac16bToMac64b
                0x000000000020de60                packetfunctions_isBroadcastMulticast
                0x000000000020dee8                packetfunctions_isAllRoutersMulticast
                0x000000000020df88                packetfunctions_isAllHostsMulticast
                0x000000000020e028                packetfunctions_isLinkLocal
                0x000000000020e088                packetfunctions_sameAddress
                0x000000000020e118                packetfunctions_readAddress
                0x000000000020e1c4                packetfunctions_writeAddress
                0x000000000020e278                packetfunctions_reserveHeaderSize
                0x000000000020e2c4                packetfunctions_tossHeader
                0x000000000020e310                packetfunctions_reserveFooterSize
                0x000000000020e34c                packetfunctions_tossFooter
                0x000000000020e388                packetfunctions_duplicatePacket
                0x000000000020e41c                packetfunctions_calculateCRC
                0x000000000020e4b8                packetfunctions_checkCRC
                0x000000000020e568                packetfunctions_calculateChecksum
                0x000000000020e6bc                onesComplementSum
                0x000000000020e74c                packetfunctions_htons
                0x000000000020e778                packetfunctions_ntohs
                0x000000000020e7a0                packetfunctions_htonl
                0x000000000020e7e0                packetfunctions_ntohl
                0x000000000020e814                packetfunctions_reverseArrayByteOrder
 .text          0x000000000020e860      0x7d4 build/openmote-cc2538_armgcc/openstack/libopenstack.a(IEEE802154.o)
                0x000000000020e860                ieee802154_prependHeader
                0x000000000020eb44                ieee802154_retrieveHeader
 .text          0x000000000020f034       0x14 build/openmote-cc2538_armgcc/openstack/libopenstack.a(topology.o)
                0x000000000020f034                topology_isAcceptablePacket
 .text          0x000000000020f048       0x1c build/openmote-cc2538_armgcc/openapps/libopenapps.a(openapps_dyn.o)
                0x000000000020f048                openapps_init
 .text          0x000000000020f064     0x1634 build/openmote-cc2538_armgcc/openapps/libopenapps.a(opencoap.o)
                0x000000000020f064                opencoap_init
                0x000000000020f0e0                opencoap_receive
                0x000000000020f964                opencoap_sendDone
                0x000000000020f9d8                opencoap_writeLinks
                0x000000000020fac4                opencoap_register
                0x000000000020fb0c                opencoap_send
                0x000000000020fc3c                opencoap_get_option_class
                0x000000000020fd04                opencoap_options_encode
                0x000000000020ff34                opencoap_find_option
                0x000000000020ffb8                opencoap_options_parse
                0x0000000000210138                opencoap_handle_proxy_scheme
                0x0000000000210320                opencoap_handle_stateless_proxy
                0x00000000002104b0                opencoap_header_encode
                0x0000000000210538                opencoap_add_stateless_proxy_option
                0x00000000002105b0                opencoap_forward_message
 .text          0x0000000000210698      0x194 build/openmote-cc2538_armgcc/openapps/libopenapps.a(cinfo.o)
                0x0000000000210698                cinfo_init
                0x00000000002106f8                cinfo_receive
                0x0000000000210810                cinfo_sendDone
 .text          0x000000000021082c       0xf4 build/openmote-cc2538_armgcc/openapps/libopenapps.a(cwellknown.o)
                0x000000000021082c                cwellknown_init
                0x0000000000210890                cwellknown_receive
                0x0000000000210904                cwellknown_sendDone
 .text          0x0000000000210920      0x730 build/openmote-cc2538_armgcc/openapps/libopenapps.a(whisper.o)
                0x0000000000210920                whisper_init
                0x00000000002109c8                whisper_setSentDIOs
                0x00000000002109e8                whisper_getSentDIOs
                0x00000000002109fc                whisper_setState
                0x0000000000210a1c                whisper_getState
                0x0000000000210a30                whisper_getTargetChildren
                0x0000000000210a44                whisper_setTargetChildren
                0x0000000000210a64                whisper_getTargetParentNew
                0x0000000000210a78                whisper_setTargetParentNew
                0x0000000000210a98                whisper_getTargetParentOld
                0x0000000000210aac                whisper_setTargetParentOld
                0x0000000000210acc                whisper_getFakeSource
                0x0000000000210ae0                whisper_setFakeSource
                0x0000000000210b00                whisper_receive
                0x0000000000210bc8                whisper_trigger_nextStep
                0x0000000000210d08                whisper_timer_cb
                0x0000000000210d28                whisper_timer_cb2
                0x0000000000210d48                whisper_timer_cb3
                0x0000000000210d68                whisper_timer_cb4
                0x0000000000210d88                whisper_task_cb
                0x0000000000210e14                whisper_task_cb2
                0x0000000000210e78                whisper_task_cb3
                0x0000000000210efc                whisper_task_cb4
                0x0000000000210f90                whisper_task_remote
                0x0000000000211034                whisper_sendDone
 .text          0x0000000000211050      0x314 build/openmote-cc2538_armgcc/openapps/libopenapps.a(whispersender.o)
                0x0000000000211050                whispersender_init
                0x0000000000211114                whispersender_receiveUdp
                0x0000000000211138                whispersender_receiveCoap
                0x00000000002111b0                whispersender_timer_cb
                0x00000000002111d0                whispersender_task_cb
                0x000000000021132c                whispersender_sendDoneCoap
                0x0000000000211348                whispersender_sendDoneUdp
 .text          0x0000000000211364      0xc48 build/openmote-cc2538_armgcc/openapps/libopenapps.a(openoscoap.o)
                0x0000000000211364                openoscoap_init_security_context
                0x0000000000211480                openoscoap_protect_message
                0x00000000002116ec                openoscoap_unprotect_message
                0x0000000000211938                openoscoap_get_sequence_number
                0x0000000000211974                openoscoap_parse_compressed_COSE
                0x0000000000211a4c                hkdf_derive_parameter
                0x0000000000211b94                is_request
                0x0000000000211bc8                openoscoap_construct_aad
                0x0000000000211d64                openoscoap_encode_compressed_COSE
                0x0000000000211dfc                xor_arrays
                0x0000000000211e44                flip_first_bit
                0x0000000000211e78                replay_window_check
                0x0000000000211ed8                replay_window_update
                0x0000000000211f70                openoscoap_convert_sequence_number
 .text          0x0000000000211fac      0x480 build/openmote-cc2538_armgcc/openapps/libopenapps.a(hkdf.o)
                0x0000000000211fac                hkdf
                0x0000000000212010                hkdfExtract
                0x0000000000212070                hkdfExpand
                0x0000000000212244                hkdfReset
                0x00000000002122b0                hkdfInput
                0x000000000021230c                hkdfFinalBits
                0x0000000000212368                hkdfResult
 .text          0x000000000021242c      0x430 build/openmote-cc2538_armgcc/openapps/libopenapps.a(hmac.o)
                0x000000000021242c                hmac
                0x00000000002124a4                hmacReset
                0x00000000002126b4                hmacInput
                0x000000000021271c                hmacFinalBits
                0x0000000000212784                hmacResult
 .text          0x000000000021285c      0x1f0 build/openmote-cc2538_armgcc/openapps/libopenapps.a(cborencoder.o)
                0x000000000021285c                cborencoder_put_text
                0x00000000002128ec                cborencoder_put_array
                0x0000000000212928                cborencoder_put_bytes
                0x00000000002129b8                cborencoder_put_map
                0x00000000002129f4                cborencoder_put_unsigned
 .text          0x0000000000212a4c      0x174 build/openmote-cc2538_armgcc/openapps/libopenapps.a(usha.o)
                0x0000000000212a4c                USHAReset
                0x0000000000212a88                USHAInput
                0x0000000000212ac4                USHAFinalBits
                0x0000000000212b00                USHAResult
                0x0000000000212b38                USHABlockSize
                0x0000000000212b58                USHAHashSize
                0x0000000000212b78                USHAHashSizeBits
                0x0000000000212b9c                USHAHashName
 .text          0x0000000000212bc0      0x834 build/openmote-cc2538_armgcc/openapps/libopenapps.a(sha224-256.o)
                0x0000000000212bc0                SHA224Reset
                0x0000000000212be0                SHA224Input
                0x0000000000212c00                SHA224FinalBits
                0x0000000000212c24                SHA224Result
                0x0000000000212c44                SHA256Reset
                0x0000000000212c64                SHA256Input
                0x0000000000212d48                SHA256FinalBits
                0x0000000000212e18                SHA256Result
 .text          0x00000000002133f4      0x13c build/openmote-cc2538_armgcc/kernel/openos/libkernel.a(scheduler.o)
                0x00000000002133f4                scheduler_init
                0x0000000000213418                scheduler_start
                0x0000000000213478                scheduler_push_task
 .text          0x0000000000213530     0x1258 build/openmote-cc2538_armgcc/drivers/libdrivers.a(openserial.o)
                0x0000000000213530                openserial_init
                0x00000000002135e4                openserial_register
                0x0000000000213600                openserial_printStatus
                0x0000000000213688                openserial_printInfo
                0x00000000002136c4                openserial_printError
                0x0000000000213704                openserial_printCritical
                0x0000000000213768                openserial_printData
                0x0000000000213814                openserial_printSniffedPacket
                0x000000000021389c                openserial_getInputBufferFilllevel
                0x00000000002138c4                openserial_getInputBuffer
                0x0000000000213928                openserial_startInput
                0x0000000000213994                openserial_startOutput
                0x0000000000213b1c                openserial_stop
                0x0000000000213c5c                openbridge_handleWHISPERData
                0x0000000000213c7c                debugPrint_outBufferIndexes
                0x0000000000213cb4                openserial_printInfoErrorCritical
                0x0000000000213d60                openserial_handleEcho
                0x0000000000213d80                openserial_get6pInfo
                0x0000000000214070                openserial_handleCommands
                0x0000000000214448                openserial_board_reset_cb
                0x0000000000214460                outputHdlcOpen
                0x0000000000214498                outputHdlcWrite
                0x0000000000214518                outputHdlcClose
                0x000000000021456c                inputHdlcOpen
                0x000000000021458c                inputHdlcWrite
                0x00000000002145f8                inputHdlcClose
                0x0000000000214628                isr_openserial_tx
                0x00000000002146b8                isr_openserial_rx
 .text          0x0000000000214788      0xb48 build/openmote-cc2538_armgcc/drivers/libdrivers.a(opentimers.o)
                0x0000000000214788                opentimers_init
                0x00000000002147d8                opentimers_create
                0x0000000000214834                opentimers_scheduleIn
                0x0000000000214adc                opentimers_scheduleAbsolute
                0x0000000000214d78                opentimers_cancel
                0x0000000000214db8                opentimers_destroy
                0x0000000000214df4                opentimers_getValue
                0x0000000000214e04                opentimers_getCurrentTimeout
                0x0000000000214e1c                opentimers_isRunning
                0x0000000000214e48                opentimers_setPriority
                0x0000000000214e90                opentimers_timer_callback
 .text          0x00000000002152d0       0x38 build/openmote-cc2538_armgcc/drivers/libdrivers.a(openhdlc.o)
                0x00000000002152d0                crcIteration
 .text          0x0000000000215308      0x3ac build/openmote-cc2538_armgcc/bsp/boards/libbsp.a(board.o)
                0x0000000000215308                main
                0x0000000000215318                board_init
                0x000000000021535c                board_sleep
                0x0000000000215370                board_timer_init
                0x0000000000215390                board_timer_get
                0x00000000002153b4                board_timer_expired
                0x00000000002153ec                board_reset
 .text          0x00000000002156b4      0x244 build/openmote-cc2538_armgcc/bsp/boards/libbsp.a(cryptoengine.o)
                0x00000000002156b4                cryptoengine_init
                0x00000000002156d0                cryptoengine_aes_ccms_enc
                0x0000000000215790                cryptoengine_aes_ccms_dec
                0x0000000000215850                cryptoengine_aes_ecb_enc
 .text          0x00000000002158f8      0x204 build/openmote-cc2538_armgcc/bsp/boards/libbsp.a(debugpins.o)
                0x00000000002158f8                debugpins_init
                0x000000000021592c                debugpins_frame_toggle
                0x0000000000215940                debugpins_frame_clr
                0x0000000000215958                debugpins_frame_set
                0x0000000000215970                debugpins_slot_toggle
                0x0000000000215984                debugpins_slot_clr
                0x000000000021599c                debugpins_slot_set
                0x00000000002159b4                debugpins_fsm_toggle
                0x00000000002159c8                debugpins_fsm_clr
                0x00000000002159e0                debugpins_fsm_set
                0x00000000002159f8                debugpins_task_toggle
                0x0000000000215a0c                debugpins_task_clr
                0x0000000000215a24                debugpins_task_set
                0x0000000000215a3c                debugpins_isr_toggle
                0x0000000000215a50                debugpins_isr_clr
                0x0000000000215a68                debugpins_isr_set
                0x0000000000215a80                debugpins_radio_toggle
                0x0000000000215a94                debugpins_radio_clr
                0x0000000000215aac                debugpins_radio_set
                0x0000000000215ac4                bspDBpinToggle
 .text          0x0000000000215afc       0x58 build/openmote-cc2538_armgcc/bsp/boards/libbsp.a(eui64.o)
                0x0000000000215afc                eui64_get
 .text          0x0000000000215b54      0x294 build/openmote-cc2538_armgcc/bsp/boards/libbsp.a(i2c.o)
                0x0000000000215b54                i2c_init
                0x0000000000215be0                i2c_read_byte
                0x0000000000215c44                i2c_read_bytes
                0x0000000000215ccc                i2c_write_byte
                0x0000000000215d30                i2c_write_bytes
 .text          0x0000000000215de8      0x408 build/openmote-cc2538_armgcc/bsp/boards/libbsp.a(leds.o)
                0x0000000000215de8                leds_init
                0x0000000000215e08                leds_error_on
                0x0000000000215e18                leds_error_off
                0x0000000000215e28                leds_error_toggle
                0x0000000000215e38                leds_error_isOn
                0x0000000000215e64                leds_sync_on
                0x0000000000215e74                leds_sync_off
                0x0000000000215e84                leds_sync_toggle
                0x0000000000215e94                leds_sync_isOn
                0x0000000000215ec0                leds_radio_on
                0x0000000000215ed0                leds_radio_off
                0x0000000000215ee0                leds_radio_toggle
                0x0000000000215ef0                leds_radio_isOn
                0x0000000000215f14                leds_debug_on
                0x0000000000215f24                leds_debug_off
                0x0000000000215f34                leds_debug_toggle
                0x0000000000215f44                leds_debug_isOn
                0x0000000000215f70                leds_all_on
                0x0000000000215f80                leds_all_off
                0x0000000000215f90                leds_all_toggle
                0x0000000000215fa0                leds_error_blink
                0x0000000000216000                leds_circular_shift
                0x00000000002160c0                leds_increment
                0x000000000021616c                bspLedSet
                0x0000000000216190                bspLedClear
                0x00000000002161b4                bspLedToggle
 .text          0x00000000002161f0      0x620 build/openmote-cc2538_armgcc/bsp/boards/libbsp.a(radio.o)
                0x00000000002161f0                radio_init
                0x000000000021632c                radio_setStartFrameCb
                0x0000000000216348                radio_setEndFrameCb
                0x0000000000216364                radio_reset
                0x00000000002163b0                radio_setFrequency
                0x00000000002163fc                radio_rfOn
                0x0000000000216408                radio_rfOff
                0x0000000000216430                radio_loadPacket
                0x00000000002164a8                radio_txEnable
                0x00000000002164c8                radio_txNow
                0x0000000000216518                radio_rxEnable
                0x0000000000216538                radio_rxNow
                0x000000000021656c                radio_getReceivedFrame
                0x0000000000216638                enable_radio_interrupts
                0x0000000000216664                disable_radio_interrupts
                0x0000000000216684                radio_on
                0x000000000021669c                radio_off
                0x00000000002166dc                radio_isr
                0x00000000002166ec                radio_isr_internal
                0x00000000002167dc                radio_error_isr
 .text          0x0000000000216810       0xf0 build/openmote-cc2538_armgcc/bsp/boards/libbsp.a(sctimer.o)
                0x0000000000216810                sctimer_init
                0x0000000000216838                sctimer_set_callback
                0x0000000000216854                sctimer_setCompare
                0x00000000002168a4                sctimer_readCounter
                0x00000000002168b4                sctimer_enable
                0x00000000002168c4                sctimer_disable
                0x00000000002168d4                sctimer_isr_internal
 .text          0x0000000000216900      0x17c build/openmote-cc2538_armgcc/bsp/boards/libbsp.a(sensors.o)
                0x0000000000216900                sensors_init
                0x0000000000216970                sensors_is_present
                0x0000000000216998                sensors_getCallbackRead
                0x0000000000216a10                sensors_getCallbackConvert
 .text          0x0000000000216a7c       0x88 build/openmote-cc2538_armgcc/bsp/boards/libbsp.a(startup_gcc.o)
                0x0000000000216a7c                NmiSR
                0x0000000000216a88                FaultISR
                0x0000000000216a90                IntDefaultHandler
                0x0000000000216a98                ResetISR
 .text          0x0000000000216b04      0x1dc build/openmote-cc2538_armgcc/bsp/boards/libbsp.a(uart.o)
                0x0000000000216b04                uart_init
                0x0000000000216b9c                uart_setCallbacks
                0x0000000000216bc0                uart_enableInterrupts
                0x0000000000216bd4                uart_disableInterrupts
                0x0000000000216be8                uart_clearRxInterrupts
                0x0000000000216bfc                uart_clearTxInterrupts
                0x0000000000216c10                uart_writeByte
                0x0000000000216c30                uart_readByte
                0x0000000000216ca0                uart_tx_isr
                0x0000000000216cc0                uart_rx_isr
 .text          0x0000000000216ce0      0x364 build/openmote-cc2538_armgcc/bsp/boards/libbsp.a(aes.o)
                0x0000000000216ce0                AESLoadKey
                0x0000000000216e60                AESECBStart
                0x0000000000216f68                AESECBCheckResult
                0x0000000000216fb0                AESECBGetResult
 .text          0x0000000000217044      0x718 build/openmote-cc2538_armgcc/bsp/boards/libbsp.a(ccm.o)
                0x0000000000217044                CCMAuthEncryptStart
                0x000000000021726c                CCMAuthEncryptCheckResult
                0x00000000002172b4                CCMAuthEncryptGetResult
                0x00000000002173c8                CCMInvAuthDecryptStart
                0x00000000002175e4                CCMInvAuthDecryptCheckResult
                0x00000000002175f4                CCMInvAuthDecryptGetResult
 .text          0x000000000021775c      0x218 build/openmote-cc2538_armgcc/bsp/boards/libbsp.a(flash.o)
                0x000000000021775c                FlashMainPageErase
                0x000000000021778c                FlashUpperPageErase
                0x00000000002177c8                FlashMainPageProgram
                0x00000000002177fc                FlashUpperPageProgram
                0x0000000000217840                FlashGet
                0x0000000000217858                FlashCacheModeGet
                0x0000000000217870                FlashCacheModeSet
                0x00000000002178b4                FlashSizeGet
                0x0000000000217928                FlashSramSizeGet
 .text          0x0000000000217974      0x830 build/openmote-cc2538_armgcc/bsp/boards/libbsp.a(gpio.o)
                0x0000000000217974                GPIOGetIntNumber
                0x00000000002179d8                GPIODirModeSet
                0x0000000000217a50                GPIODirModeGet
                0x0000000000217aa8                GPIOIntTypeSet
                0x0000000000217b50                GPIOIntTypeGet
                0x0000000000217bc8                GPIOPinIntEnable
                0x0000000000217bf4                GPIOPinIntDisable
                0x0000000000217c24                GPIOPinIntStatus
                0x0000000000217c54                GPIOPinIntClear
                0x0000000000217c78                GPIOPortIntRegister
                0x0000000000217ca0                GPIOPortIntUnregister
                0x0000000000217cc4                GPIOPinRead
                0x0000000000217ce8                GPIOPinWrite
                0x0000000000217d14                GPIOPinTypeGPIOInput
                0x0000000000217d40                GPIOPinTypeGPIOOutput
                0x0000000000217d6c                GPIOPinTypeI2C
                0x0000000000217d98                GPIOPinTypeSSI
                0x0000000000217dc4                GPIOPinTypeTimer
                0x0000000000217df0                GPIOPinTypeUARTInput
                0x0000000000217e1c                GPIOPinTypeUARTOutput
                0x0000000000217e48                GPIOPowIntTypeSet
                0x0000000000217ee4                GPIOPowIntTypeGet
                0x0000000000217f64                GPIOPowIntEnable
                0x0000000000217fe0                GPIOPowIntDisable
                0x000000000021805c                GPIOPowIntStatus
                0x00000000002180e0                GPIOPowIntClear
                0x000000000021815c                GPIOIntWakeupEnable
                0x0000000000218180                GPIOIntWakeupDisable
 .text          0x00000000002181a4      0x5b4 build/openmote-cc2538_armgcc/bsp/boards/libbsp.a(gptimer.o)
                0x00000000002181a4                TimerEnable
                0x00000000002181d0                TimerDisable
                0x0000000000218200                TimerConfigure
                0x0000000000218254                TimerControlLevel
                0x000000000021829c                TimerControlTrigger
                0x00000000002182e4                TimerControlEvent
                0x0000000000218320                TimerControlStall
                0x0000000000218368                TimerControlWaitOnTrigger
                0x00000000002183ec                TimerPrescaleSet
                0x0000000000218428                TimerPrescaleGet
                0x0000000000218450                TimerPrescaleMatchSet
                0x000000000021848c                TimerPrescaleMatchGet
                0x00000000002184b4                TimerLoadSet
                0x00000000002184f0                TimerLoadGet
                0x0000000000218518                TimerValueGet
                0x0000000000218540                TimerMatchSet
                0x000000000021857c                TimerMatchGet
                0x00000000002185a4                TimerIntRegister
                0x0000000000218624                TimerIntUnregister
                0x000000000021869c                TimerIntEnable
                0x00000000002186c4                TimerIntDisable
                0x00000000002186ec                TimerIntStatus
                0x0000000000218718                TimerIntClear
                0x0000000000218738                TimerSynchronize
 .text          0x0000000000218758      0x434 build/openmote-cc2538_armgcc/bsp/boards/libbsp.a(i2c_lib.o)
                0x0000000000218758                I2CMasterInitExpClk
                0x00000000002187b8                I2CSlaveInit
                0x00000000002187d8                I2CMasterEnable
                0x00000000002187f4                I2CSlaveEnable
                0x000000000021881c                I2CMasterDisable
                0x0000000000218838                I2CSlaveDisable
                0x0000000000218860                I2CIntRegister
                0x0000000000218880                I2CIntUnregister
                0x0000000000218894                I2CMasterIntEnable
                0x00000000002188ac                I2CSlaveIntEnable
                0x00000000002188c8                I2CSlaveIntEnableEx
                0x00000000002188ec                I2CMasterIntDisable
                0x0000000000218904                I2CSlaveIntDisable
                0x0000000000218920                I2CSlaveIntDisableEx
                0x0000000000218944                I2CMasterIntStatus
                0x0000000000218984                I2CSlaveIntStatus
                0x00000000002189c4                I2CSlaveIntStatusEx
                0x00000000002189f0                I2CMasterIntClear
                0x0000000000218a10                I2CSlaveIntClear
                0x0000000000218a28                I2CSlaveIntClearEx
                0x0000000000218a44                I2CMasterSlaveAddrSet
                0x0000000000218a70                I2CMasterBusy
                0x0000000000218a94                I2CMasterBusBusy
                0x0000000000218ab8                I2CMasterControl
                0x0000000000218ad4                I2CMasterErr
                0x0000000000218b10                I2CMasterDataPut
                0x0000000000218b30                I2CMasterDataGet
                0x0000000000218b44                I2CSlaveStatus
                0x0000000000218b58                I2CSlaveDataPut
                0x0000000000218b78                I2CSlaveDataGet
 .text          0x0000000000218b8c      0x460 build/openmote-cc2538_armgcc/bsp/boards/libbsp.a(interrupt.o)
                0x0000000000218b94                IntMasterEnable
                0x0000000000218bac                IntMasterDisable
                0x0000000000218bc4                IntRegister
                0x0000000000218c28                IntUnregister
                0x0000000000218c4c                IntPriorityGroupingSet
                0x0000000000218c7c                IntPriorityGroupingGet
                0x0000000000218cc4                IntPrioritySet
                0x0000000000218d2c                IntPriorityGet
                0x0000000000218d5c                IntEnable
                0x0000000000218df0                IntDisable
                0x0000000000218e84                IntPendSet
                0x0000000000218f00                IntPendClear
                0x0000000000218f68                IntPriorityMaskSet
                0x0000000000218f80                IntPriorityMaskGet
                0x0000000000218f90                IntAltMapEnable
                0x0000000000218fac                IntAltMapDisable
                0x0000000000218fc8                IntAltMapIsEnabled
 .text          0x0000000000218fec      0x578 build/openmote-cc2538_armgcc/bsp/boards/libbsp.a(ioc.o)
                0x0000000000218fec                IOCPinConfigPeriphOutput
                0x00000000002190b4                IOCPinConfigPeriphInput
                0x0000000000219268                IOCPadConfigSet
                0x0000000000219334                IOCPadConfigGet
 .text          0x0000000000219564      0x1ac build/openmote-cc2538_armgcc/bsp/boards/libbsp.a(sleepmode.o)
                0x0000000000219564                SleepModeIntRegister
                0x0000000000219584                SleepModeIntUnregister
                0x0000000000219598                SleepModeTimerCountGet
                0x00000000002195e4                SleepModeCaptureConfig
                0x000000000021961c                SleepModeTimerCompareSet
                0x0000000000219674                SleepModeCaptureGet
                0x00000000002196c0                SleepModeCaptureIsValid
                0x00000000002196e8                SleepModeCaptureNew
 .text          0x0000000000219710      0x664 build/openmote-cc2538_armgcc/bsp/boards/libbsp.a(sys_ctrl.o)
                0x0000000000219710                SysCtrlClockSet
                0x00000000002197cc                SysCtrlClockGet
                0x0000000000219870                SysCtrlIOClockSet
                0x00000000002198a4                SysCtrlIOClockGet
                0x000000000021994c                SysCtrlDelay
                0x0000000000219958                SysCtrlReset
                0x0000000000219968                SysCtrlSleep
                0x0000000000219974                SysCtrlDeepSleep
                0x0000000000219a54                SysCtrlPeripheralPresent
                0x0000000000219ad0                SysCtrlPeripheralReset
                0x0000000000219b5c                SysCtrlPeripheralEnable
                0x0000000000219ba4                SysCtrlPeripheralDisable
                0x0000000000219bec                SysCtrlPeripheralSleepEnable
                0x0000000000219c34                SysCtrlPeripheralSleepDisable
                0x0000000000219c7c                SysCtrlPeripheralDeepSleepEnable
                0x0000000000219cc4                SysCtrlPeripheralDeepSleepDisable
                0x0000000000219d0c                SysCtrlPowerModeSet
                0x0000000000219d28                SysCtrlPowerModeGet
                0x0000000000219d4c                SysCtrlClockLossDetectEnable
 .text          0x0000000000219d74      0x714 build/openmote-cc2538_armgcc/bsp/boards/libbsp.a(uarthal.o)
                0x0000000000219d74                UARTParityModeSet
                0x0000000000219da0                UARTParityModeGet
                0x0000000000219dbc                UARTFIFOLevelSet
                0x0000000000219de0                UARTFIFOLevelGet
                0x0000000000219e14                UARTConfigSetExpClk
                0x0000000000219ea4                UARTConfigGetExpClk
                0x0000000000219f08                UARTEnable
                0x0000000000219f44                UARTDisable
                0x0000000000219f90                UARTFIFOEnable
                0x0000000000219fb4                UARTFIFODisable
                0x0000000000219fd8                UARTEnableSIR
                0x000000000021a01c                UARTDisableSIR
                0x000000000021a040                UARTTxIntModeSet
                0x000000000021a06c                UARTTxIntModeGet
                0x000000000021a088                UARTCharsAvail
                0x000000000021a0b0                UARTSpaceAvail
                0x000000000021a0d8                UARTCharGetNonBlocking
                0x000000000021a104                UARTCharGet
                0x000000000021a12c                UARTCharPutNonBlocking
                0x000000000021a15c                UARTCharPut
                0x000000000021a188                UARTBreakCtl
                0x000000000021a1c4                UARTBusy
                0x000000000021a1ec                UARTIntRegister
                0x000000000021a220                UARTIntUnregister
                0x000000000021a250                UARTIntEnable
                0x000000000021a278                UARTIntDisable
                0x000000000021a2a0                UARTIntStatus
                0x000000000021a2cc                UARTIntClear
                0x000000000021a2ec                UARTDMAEnable
                0x000000000021a314                UARTDMADisable
                0x000000000021a33c                UARTRxErrorGet
                0x000000000021a358                UARTRxErrorClear
                0x000000000021a374                UARTClockSourceSet
                0x000000000021a394                UARTClockSourceGet
                0x000000000021a3b0                UART9BitEnable
                0x000000000021a3d4                UART9BitDisable
                0x000000000021a3f8                UART9BitAddrSet
                0x000000000021a428                UART9BitAddrSend
 .text          0x000000000021a488      0x194 build/openmote-cc2538_armgcc/bsp/boards/libbsp.a(adxl346.o)
                0x000000000021a488                adxl346_init
                0x000000000021a4d4                adxl346_reset
                0x000000000021a4e0                adxl346_is_present
                0x000000000021a50c                adxl346_read_x
                0x000000000021a554                adxl346_read_y
                0x000000000021a59c                adxl346_read_z
                0x000000000021a5e4                adxl346_convert_acceleration
 .text          0x000000000021a61c      0x1cc build/openmote-cc2538_armgcc/bsp/boards/libbsp.a(max44009.o)
                0x000000000021a61c                max44009_init
                0x000000000021a688                max44009_reset
                0x000000000021a6f4                max44009_is_present
                0x000000000021a728                max44009_read_light
                0x000000000021a78c                max44009_convert_light
 .text          0x000000000021a7e8      0x244 build/openmote-cc2538_armgcc/bsp/boards/libbsp.a(sht21.o)
                0x000000000021a7e8                sht21_init
                0x000000000021a838                sht21_reset
                0x000000000021a848                sht21_is_present
                0x000000000021a88c                sht21_read_temperature
                0x000000000021a8c8                sht21_convert_temperature
                0x000000000021a940                sht21_read_humidity
                0x000000000021a97c                sht21_convert_humidity
 *fill*         0x000000000021aa2c        0x4 00000000
 .text          0x000000000021aa30       0xe8 build/openmote-cc2538_armgcc/bsp/boards/libbsp.a(adc_sensor.o)
                0x000000000021aa30                adc_sensor_init
                0x000000000021aa60                adc_sens_read_temperature
                0x000000000021aa94                adc_sens_convert_temperature
 .text          0x000000000021ab18       0xf4 build/openmote-cc2538_armgcc/bsp/boards/libbsp.a(adc.o)
                0x000000000021ab18                SOCADCIntRegister
                0x000000000021ab38                SOCADCIntUnregister
                0x000000000021ab4c                SOCADCSingleConfigure
                0x000000000021ab88                SOCADCSingleStart
                0x000000000021abb4                SOCADCDataGet
                0x000000000021abe8                SOCADCEndOfCOnversionGet
 .text          0x000000000021ac0c       0x58 build/openmote-cc2538_armgcc/bsp/boards/libbsp.a(cpu.o)
                0x000000000021ac0c                CPUcpsid
                0x000000000021ac1c                CPUprimask
                0x000000000021ac28                CPUcpsie
                0x000000000021ac38                CPUwfi
                0x000000000021ac40                CPUwfe
                0x000000000021ac48                CPUsev
                0x000000000021ac50                CPUbasepriSet
                0x000000000021ac58                CPUbasepriGet
 .text          0x000000000021ac64      0x370 /usr/lib/gcc/arm-none-eabi/5.4.1/armv7-m/libgcc.a(_arm_addsubdf3.o)
                0x000000000021ac64                __aeabi_drsub
                0x000000000021ac6c                __aeabi_dsub
                0x000000000021ac6c                __subdf3
                0x000000000021ac70                __adddf3
                0x000000000021ac70                __aeabi_dadd
                0x000000000021aee8                __aeabi_ui2d
                0x000000000021aee8                __floatunsidf
                0x000000000021af08                __floatsidf
                0x000000000021af08                __aeabi_i2d
                0x000000000021af2c                __extendsfdf2
                0x000000000021af2c                __aeabi_f2d
                0x000000000021af68                __aeabi_ul2d
                0x000000000021af68                __floatundidf
                0x000000000021af78                __floatdidf
                0x000000000021af78                __aeabi_l2d
 .text          0x000000000021afd4      0x424 /usr/lib/gcc/arm-none-eabi/5.4.1/armv7-m/libgcc.a(_arm_muldivdf3.o)
                0x000000000021afd4                __aeabi_dmul
                0x000000000021afd4                __muldf3
                0x000000000021b228                __aeabi_ddiv
                0x000000000021b228                __divdf3
 .text          0x000000000021b3f8       0xa0 /usr/lib/gcc/arm-none-eabi/5.4.1/armv7-m/libgcc.a(_arm_truncdfsf2.o)
                0x000000000021b3f8                __aeabi_d2f
                0x000000000021b3f8                __truncdfsf2
 .text          0x000000000021b498      0x21c /usr/lib/gcc/arm-none-eabi/5.4.1/armv7-m/libgcc.a(_arm_addsubsf3.o)
                0x000000000021b498                __aeabi_frsub
                0x000000000021b4a0                __subsf3
                0x000000000021b4a0                __aeabi_fsub
                0x000000000021b4a4                __aeabi_fadd
                0x000000000021b4a4                __addsf3
                0x000000000021b604                __aeabi_ui2f
                0x000000000021b604                __floatunsisf
                0x000000000021b60c                __aeabi_i2f
                0x000000000021b60c                __floatsisf
                0x000000000021b628                __floatundisf
                0x000000000021b628                __aeabi_ul2f
                0x000000000021b638                __floatdisf
                0x000000000021b638                __aeabi_l2f
 .text          0x000000000021b6b4      0x2a0 /usr/lib/gcc/arm-none-eabi/5.4.1/armv7-m/libgcc.a(_arm_muldivsf3.o)
                0x000000000021b6b4                __mulsf3
                0x000000000021b6b4                __aeabi_fmul
                0x000000000021b81c                __divsf3
                0x000000000021b81c                __aeabi_fdiv
 .text          0x000000000021b954       0x64 /usr/lib/gcc/arm-none-eabi/5.4.1/../../../arm-none-eabi/lib/armv7-m/libg.a(lib_a-memcmp.o)
                0x000000000021b954                memcmp
 .text          0x000000000021b9b8       0xec /usr/lib/gcc/arm-none-eabi/5.4.1/../../../arm-none-eabi/lib/armv7-m/libg.a(lib_a-memcpy.o)
                0x000000000021b9b8                memcpy
 .text          0x000000000021baa4       0x9c /usr/lib/gcc/arm-none-eabi/5.4.1/../../../arm-none-eabi/lib/armv7-m/libg.a(lib_a-memset.o)
                0x000000000021baa4                memset
 *(.rodata*)
 .rodata        0x000000000021bb40       0x2d build/openmote-cc2538_armgcc/projects/common/03oos_openwsn/03oos_openwsn.o
 *fill*         0x000000000021bb6d        0x3 00000000
 .rodata        0x000000000021bb70       0x74 build/openmote-cc2538_armgcc/openstack/libopenstack.a(openstack.o)
 .rodata        0x000000000021bbe4       0xc4 build/openmote-cc2538_armgcc/openstack/libopenstack.a(IEEE802154E.o)
 .rodata        0x000000000021bca8       0x74 build/openmote-cc2538_armgcc/openstack/libopenstack.a(IEEE802154_security.o)
 .rodata        0x000000000021bd1c       0x74 build/openmote-cc2538_armgcc/openstack/libopenstack.a(neighbors.o)
 .rodata        0x000000000021bd90       0x74 build/openmote-cc2538_armgcc/openstack/libopenstack.a(msf.o)
 .rodata        0x000000000021be04       0x74 build/openmote-cc2538_armgcc/openstack/libopenstack.a(schedule.o)
 .rodata        0x000000000021be78       0xc4 build/openmote-cc2538_armgcc/openstack/libopenstack.a(sixtop.o)
 .rodata        0x000000000021bf3c       0x7d build/openmote-cc2538_armgcc/openstack/libopenstack.a(iphc.o)
 *fill*         0x000000000021bfb9        0x3 00000000
 .rodata        0x000000000021bfbc       0x38 build/openmote-cc2538_armgcc/openstack/libopenstack.a(openbridge.o)
 .rodata        0x000000000021bff4       0x68 build/openmote-cc2538_armgcc/openstack/libopenstack.a(forwarding.o)
 .rodata        0x000000000021c05c       0x40 build/openmote-cc2538_armgcc/openstack/libopenstack.a(icmpv6.o)
 .rodata        0x000000000021c09c       0x2d build/openmote-cc2538_armgcc/openstack/libopenstack.a(icmpv6echo.o)
 *fill*         0x000000000021c0c9        0x3 00000000
 .rodata        0x000000000021c0cc       0x84 build/openmote-cc2538_armgcc/openstack/libopenstack.a(icmpv6rpl.o)
 .rodata        0x000000000021c150       0x80 build/openmote-cc2538_armgcc/openstack/libopenstack.a(openudp.o)
 .rodata        0x000000000021c1d0       0x48 build/openmote-cc2538_armgcc/openstack/libopenstack.a(idmanager.o)
 .rodata        0x000000000021c218       0x5c build/openmote-cc2538_armgcc/openstack/libopenstack.a(openqueue.o)
 .rodata        0x000000000021c274       0x38 build/openmote-cc2538_armgcc/openstack/libopenstack.a(openrandom.o)
 .rodata        0x000000000021c2ac       0x38 build/openmote-cc2538_armgcc/openstack/libopenstack.a(packetfunctions.o)
 .rodata        0x000000000021c2e4       0x64 build/openmote-cc2538_armgcc/openstack/libopenstack.a(IEEE802154.o)
 .rodata        0x000000000021c348       0x38 build/openmote-cc2538_armgcc/openstack/libopenstack.a(topology.o)
 .rodata        0x000000000021c380       0x80 build/openmote-cc2538_armgcc/openapps/libopenapps.a(openapps_dyn.o)
 .rodata        0x000000000021c400       0xac build/openmote-cc2538_armgcc/openapps/libopenapps.a(opencoap.o)
 .rodata        0x000000000021c4ac       0x8a build/openmote-cc2538_armgcc/openapps/libopenapps.a(cinfo.o)
                0x000000000021c534                cinfo_path0
 *fill*         0x000000000021c536        0x2 00000000
 .rodata        0x000000000021c538       0x99 build/openmote-cc2538_armgcc/openapps/libopenapps.a(cwellknown.o)
                0x000000000021c5c0                cwellknown_path0
                0x000000000021c5cc                cwellknown_path1
 *fill*         0x000000000021c5d1        0x3 00000000
 .rodata        0x000000000021c5d4       0xc6 build/openmote-cc2538_armgcc/openapps/libopenapps.a(whisper.o)
                0x000000000021c698                whisper_path0
 *fill*         0x000000000021c69a        0x2 00000000
 .rodata        0x000000000021c69c       0xd6 build/openmote-cc2538_armgcc/openapps/libopenapps.a(whispersender.o)
                0x000000000021c770                whispersender_path0
 *fill*         0x000000000021c772        0x2 00000000
 .rodata        0x000000000021c774       0x8d build/openmote-cc2538_armgcc/openapps/libopenapps.a(openoscoap.o)
 *fill*         0x000000000021c801        0x3 00000000
 .rodata        0x000000000021c804        0x1 build/openmote-cc2538_armgcc/openapps/libopenapps.a(hkdf.o)
 *fill*         0x000000000021c805        0x3 00000000
 .rodata        0x000000000021c808       0x2d build/openmote-cc2538_armgcc/openapps/libopenapps.a(cborencoder.o)
 *fill*         0x000000000021c835        0x3 00000000
 .rodata        0x000000000021c838        0x7 build/openmote-cc2538_armgcc/openapps/libopenapps.a(usha.o)
 *fill*         0x000000000021c83f        0x1 00000000
 .rodata        0x000000000021c840      0x100 build/openmote-cc2538_armgcc/openapps/libopenapps.a(sha224-256.o)
 .rodata        0x000000000021c940       0x2d build/openmote-cc2538_armgcc/kernel/openos/libkernel.a(scheduler.o)
 *fill*         0x000000000021c96d        0x3 00000000
 .rodata        0x000000000021c970      0x274 build/openmote-cc2538_armgcc/drivers/libdrivers.a(openserial.o)
 .rodata        0x000000000021cbe4       0x2d build/openmote-cc2538_armgcc/drivers/libdrivers.a(opentimers.o)
 *fill*         0x000000000021cc11        0x3 00000000
 .rodata        0x000000000021cc14      0x230 build/openmote-cc2538_armgcc/drivers/libdrivers.a(openhdlc.o)
 .rodata        0x000000000021ce44       0x2d build/openmote-cc2538_armgcc/bsp/boards/libbsp.a(board.o)
 *fill*         0x000000000021ce71        0x3 00000000
 .rodata        0x000000000021ce74       0x2d build/openmote-cc2538_armgcc/bsp/boards/libbsp.a(cryptoengine.o)
 *fill*         0x000000000021cea1        0x3 00000000
 .rodata        0x000000000021cea4       0x23 build/openmote-cc2538_armgcc/bsp/boards/libbsp.a(debugpins.o)
 *fill*         0x000000000021cec7        0x1 00000000
 .rodata        0x000000000021cec8       0x23 build/openmote-cc2538_armgcc/bsp/boards/libbsp.a(leds.o)
 *fill*         0x000000000021ceeb        0x1 00000000
 .rodata        0x000000000021ceec       0x23 build/openmote-cc2538_armgcc/bsp/boards/libbsp.a(radio.o)
 *fill*         0x000000000021cf0f        0x1 00000000
 .rodata        0x000000000021cf10       0x23 build/openmote-cc2538_armgcc/bsp/boards/libbsp.a(sctimer.o)
 *fill*         0x000000000021cf33        0x1 00000000
 .rodata        0x000000000021cf34       0x23 build/openmote-cc2538_armgcc/bsp/boards/libbsp.a(sensors.o)
 *fill*         0x000000000021cf57        0x1 00000000
 .rodata        0x000000000021cf58       0x23 build/openmote-cc2538_armgcc/bsp/boards/libbsp.a(uart.o)
 *fill*         0x000000000021cf7b        0x1 00000000
 .rodata        0x000000000021cf7c      0x114 build/openmote-cc2538_armgcc/bsp/boards/libbsp.a(interrupt.o)
 .rodata        0x000000000021d090      0x100 build/openmote-cc2538_armgcc/bsp/boards/libbsp.a(ioc.o)
 .rodata        0x000000000021d190       0x74 build/openmote-cc2538_armgcc/bsp/boards/libbsp.a(sys_ctrl.o)
 .rodata        0x000000000021d204       0x15 build/openmote-cc2538_armgcc/bsp/boards/libbsp.a(max44009.o)
 *fill*         0x000000000021d219        0x3 00000000
 .rodata        0x000000000021d21c       0x23 build/openmote-cc2538_armgcc/bsp/boards/libbsp.a(adc_sensor.o)
                0x000000000021d23f                _etext = .

.glue_7         0x000000000021d240        0x0
 .glue_7        0x000000000021d240        0x0 linker stubs

.glue_7t        0x000000000021d240        0x0
 .glue_7t       0x000000000021d240        0x0 linker stubs

.vfp11_veneer   0x000000000021d240        0x0
 .vfp11_veneer  0x000000000021d240        0x0 linker stubs

.v4_bx          0x000000000021d240        0x0
 .v4_bx         0x000000000021d240        0x0 linker stubs

.iplt           0x000000000021d240        0x0
 .iplt          0x000000000021d240        0x0 build/openmote-cc2538_armgcc/projects/common/03oos_openwsn/03oos_openwsn.o

.data           0x0000000020004000      0x2dc load address 0x000000000021d23f
                0x0000000020004000                _data = .
 *(vtable)
 vtable         0x0000000020004000      0x28c build/openmote-cc2538_armgcc/bsp/boards/libbsp.a(interrupt.o)
 *(.data*)
 .data          0x000000002000428c        0x0 build/openmote-cc2538_armgcc/projects/common/03oos_openwsn/03oos_openwsn.o
 .data          0x000000002000428c        0x0 build/openmote-cc2538_armgcc/openstack/libopenstack.a(openstack.o)
 .data          0x000000002000428c        0x0 build/openmote-cc2538_armgcc/openstack/libopenstack.a(IEEE802154E.o)
 .data          0x000000002000428c        0x0 build/openmote-cc2538_armgcc/openstack/libopenstack.a(IEEE802154_security.o)
 .data          0x000000002000428c        0x0 build/openmote-cc2538_armgcc/openstack/libopenstack.a(neighbors.o)
 .data          0x000000002000428c        0x0 build/openmote-cc2538_armgcc/openstack/libopenstack.a(msf.o)
 .data          0x000000002000428c        0x0 build/openmote-cc2538_armgcc/openstack/libopenstack.a(schedule.o)
 .data          0x000000002000428c        0x0 build/openmote-cc2538_armgcc/openstack/libopenstack.a(sixtop.o)
 .data          0x000000002000428c        0x0 build/openmote-cc2538_armgcc/openstack/libopenstack.a(iphc.o)
 .data          0x000000002000428c        0x0 build/openmote-cc2538_armgcc/openstack/libopenstack.a(openbridge.o)
 .data          0x000000002000428c        0x0 build/openmote-cc2538_armgcc/openstack/libopenstack.a(forwarding.o)
 .data          0x000000002000428c        0x0 build/openmote-cc2538_armgcc/openstack/libopenstack.a(icmpv6.o)
 .data          0x000000002000428c        0x0 build/openmote-cc2538_armgcc/openstack/libopenstack.a(icmpv6echo.o)
 .data          0x000000002000428c        0x0 build/openmote-cc2538_armgcc/openstack/libopenstack.a(icmpv6rpl.o)
 .data          0x000000002000428c        0x0 build/openmote-cc2538_armgcc/openstack/libopenstack.a(openudp.o)
 .data          0x000000002000428c        0x0 build/openmote-cc2538_armgcc/openstack/libopenstack.a(idmanager.o)
 .data          0x000000002000428c        0x0 build/openmote-cc2538_armgcc/openstack/libopenstack.a(openqueue.o)
 .data          0x000000002000428c        0x0 build/openmote-cc2538_armgcc/openstack/libopenstack.a(openrandom.o)
 .data          0x000000002000428c        0x0 build/openmote-cc2538_armgcc/openstack/libopenstack.a(packetfunctions.o)
 .data          0x000000002000428c        0x0 build/openmote-cc2538_armgcc/openstack/libopenstack.a(IEEE802154.o)
 .data          0x000000002000428c        0x0 build/openmote-cc2538_armgcc/openstack/libopenstack.a(topology.o)
 .data          0x000000002000428c        0x0 build/openmote-cc2538_armgcc/openapps/libopenapps.a(openapps_dyn.o)
 .data          0x000000002000428c        0x0 build/openmote-cc2538_armgcc/openapps/libopenapps.a(opencoap.o)
 .data          0x000000002000428c        0x0 build/openmote-cc2538_armgcc/openapps/libopenapps.a(cinfo.o)
 .data          0x000000002000428c        0x0 build/openmote-cc2538_armgcc/openapps/libopenapps.a(cwellknown.o)
 .data          0x000000002000428c        0x0 build/openmote-cc2538_armgcc/openapps/libopenapps.a(whisper.o)
 .data          0x000000002000428c        0x0 build/openmote-cc2538_armgcc/openapps/libopenapps.a(whispersender.o)
 .data          0x000000002000428c        0x0 build/openmote-cc2538_armgcc/openapps/libopenapps.a(openoscoap.o)
 .data          0x000000002000428c        0x0 build/openmote-cc2538_armgcc/openapps/libopenapps.a(hkdf.o)
 .data          0x000000002000428c        0x0 build/openmote-cc2538_armgcc/openapps/libopenapps.a(hmac.o)
 .data          0x000000002000428c        0x0 build/openmote-cc2538_armgcc/openapps/libopenapps.a(cborencoder.o)
 .data          0x000000002000428c        0x0 build/openmote-cc2538_armgcc/openapps/libopenapps.a(usha.o)
 .data          0x000000002000428c       0x50 build/openmote-cc2538_armgcc/openapps/libopenapps.a(sha224-256.o)
 .data          0x00000000200042dc        0x0 build/openmote-cc2538_armgcc/kernel/openos/libkernel.a(scheduler.o)
 .data          0x00000000200042dc        0x0 build/openmote-cc2538_armgcc/drivers/libdrivers.a(openserial.o)
 .data          0x00000000200042dc        0x0 build/openmote-cc2538_armgcc/drivers/libdrivers.a(opentimers.o)
 .data          0x00000000200042dc        0x0 build/openmote-cc2538_armgcc/drivers/libdrivers.a(openhdlc.o)
 .data          0x00000000200042dc        0x0 build/openmote-cc2538_armgcc/bsp/boards/libbsp.a(board.o)
 .data          0x00000000200042dc        0x0 build/openmote-cc2538_armgcc/bsp/boards/libbsp.a(cryptoengine.o)
 .data          0x00000000200042dc        0x0 build/openmote-cc2538_armgcc/bsp/boards/libbsp.a(debugpins.o)
 .data          0x00000000200042dc        0x0 build/openmote-cc2538_armgcc/bsp/boards/libbsp.a(eui64.o)
 .data          0x00000000200042dc        0x0 build/openmote-cc2538_armgcc/bsp/boards/libbsp.a(i2c.o)
 .data          0x00000000200042dc        0x0 build/openmote-cc2538_armgcc/bsp/boards/libbsp.a(leds.o)
 .data          0x00000000200042dc        0x0 build/openmote-cc2538_armgcc/bsp/boards/libbsp.a(radio.o)
 .data          0x00000000200042dc        0x0 build/openmote-cc2538_armgcc/bsp/boards/libbsp.a(sctimer.o)
 .data          0x00000000200042dc        0x0 build/openmote-cc2538_armgcc/bsp/boards/libbsp.a(sensors.o)
 .data          0x00000000200042dc        0x0 build/openmote-cc2538_armgcc/bsp/boards/libbsp.a(startup_gcc.o)
 .data          0x00000000200042dc        0x0 build/openmote-cc2538_armgcc/bsp/boards/libbsp.a(uart.o)
 .data          0x00000000200042dc        0x0 build/openmote-cc2538_armgcc/bsp/boards/libbsp.a(aes.o)
 .data          0x00000000200042dc        0x0 build/openmote-cc2538_armgcc/bsp/boards/libbsp.a(ccm.o)
 .data          0x00000000200042dc        0x0 build/openmote-cc2538_armgcc/bsp/boards/libbsp.a(flash.o)
 .data          0x00000000200042dc        0x0 build/openmote-cc2538_armgcc/bsp/boards/libbsp.a(gpio.o)
 .data          0x00000000200042dc        0x0 build/openmote-cc2538_armgcc/bsp/boards/libbsp.a(gptimer.o)
 .data          0x00000000200042dc        0x0 build/openmote-cc2538_armgcc/bsp/boards/libbsp.a(i2c_lib.o)
 .data          0x00000000200042dc        0x0 build/openmote-cc2538_armgcc/bsp/boards/libbsp.a(interrupt.o)
 .data          0x00000000200042dc        0x0 build/openmote-cc2538_armgcc/bsp/boards/libbsp.a(ioc.o)
 .data          0x00000000200042dc        0x0 build/openmote-cc2538_armgcc/bsp/boards/libbsp.a(sleepmode.o)
 .data          0x00000000200042dc        0x0 build/openmote-cc2538_armgcc/bsp/boards/libbsp.a(sys_ctrl.o)
 .data          0x00000000200042dc        0x0 build/openmote-cc2538_armgcc/bsp/boards/libbsp.a(uarthal.o)
 .data          0x00000000200042dc        0x0 build/openmote-cc2538_armgcc/bsp/boards/libbsp.a(adxl346.o)
 .data          0x00000000200042dc        0x0 build/openmote-cc2538_armgcc/bsp/boards/libbsp.a(max44009.o)
 .data          0x00000000200042dc        0x0 build/openmote-cc2538_armgcc/bsp/boards/libbsp.a(sht21.o)
 .data          0x00000000200042dc        0x0 build/openmote-cc2538_armgcc/bsp/boards/libbsp.a(adc_sensor.o)
 .data          0x00000000200042dc        0x0 build/openmote-cc2538_armgcc/bsp/boards/libbsp.a(adc.o)
 .data          0x00000000200042dc        0x0 build/openmote-cc2538_armgcc/bsp/boards/libbsp.a(cpu.o)
 .data          0x00000000200042dc        0x0 /usr/lib/gcc/arm-none-eabi/5.4.1/armv7-m/libgcc.a(_arm_addsubdf3.o)
 .data          0x00000000200042dc        0x0 /usr/lib/gcc/arm-none-eabi/5.4.1/armv7-m/libgcc.a(_arm_muldivdf3.o)
 .data          0x00000000200042dc        0x0 /usr/lib/gcc/arm-none-eabi/5.4.1/armv7-m/libgcc.a(_arm_truncdfsf2.o)
 .data          0x00000000200042dc        0x0 /usr/lib/gcc/arm-none-eabi/5.4.1/armv7-m/libgcc.a(_arm_addsubsf3.o)
 .data          0x00000000200042dc        0x0 /usr/lib/gcc/arm-none-eabi/5.4.1/armv7-m/libgcc.a(_arm_muldivsf3.o)
 .data          0x00000000200042dc        0x0 /usr/lib/gcc/arm-none-eabi/5.4.1/../../../arm-none-eabi/lib/armv7-m/libg.a(lib_a-memcmp.o)
 .data          0x00000000200042dc        0x0 /usr/lib/gcc/arm-none-eabi/5.4.1/../../../arm-none-eabi/lib/armv7-m/libg.a(lib_a-memcpy.o)
 .data          0x00000000200042dc        0x0 /usr/lib/gcc/arm-none-eabi/5.4.1/../../../arm-none-eabi/lib/armv7-m/libg.a(lib_a-memset.o)
                0x00000000200042dc                _edata = .

.igot.plt       0x00000000200042dc        0x0 load address 0x000000000021d51c
 .igot.plt      0x00000000200042dc        0x0 build/openmote-cc2538_armgcc/projects/common/03oos_openwsn/03oos_openwsn.o

.ARM.exidx
 *(.ARM.exidx*)

.bss            0x00000000200042dc     0x2894 load address 0x000000000021d51c
                0x00000000200042dc                _bss = .
 *(.bss*)
 .bss           0x00000000200042dc        0x0 build/openmote-cc2538_armgcc/projects/common/03oos_openwsn/03oos_openwsn.o
 .bss           0x00000000200042dc        0x0 build/openmote-cc2538_armgcc/openstack/libopenstack.a(openstack.o)
 .bss           0x00000000200042dc        0x0 build/openmote-cc2538_armgcc/openstack/libopenstack.a(IEEE802154E.o)
 .bss           0x00000000200042dc        0x0 build/openmote-cc2538_armgcc/openstack/libopenstack.a(IEEE802154_security.o)
 .bss           0x00000000200042dc      0x4b4 build/openmote-cc2538_armgcc/openstack/libopenstack.a(neighbors.o)
 .bss           0x0000000020004790        0x0 build/openmote-cc2538_armgcc/openstack/libopenstack.a(msf.o)
 .bss           0x0000000020004790        0x0 build/openmote-cc2538_armgcc/openstack/libopenstack.a(schedule.o)
 .bss           0x0000000020004790        0x0 build/openmote-cc2538_armgcc/openstack/libopenstack.a(sixtop.o)
 .bss           0x0000000020004790        0x4 build/openmote-cc2538_armgcc/openstack/libopenstack.a(iphc.o)
 .bss           0x0000000020004794        0x0 build/openmote-cc2538_armgcc/openstack/libopenstack.a(openbridge.o)
 .bss           0x0000000020004794        0x0 build/openmote-cc2538_armgcc/openstack/libopenstack.a(forwarding.o)
 .bss           0x0000000020004794        0x0 build/openmote-cc2538_armgcc/openstack/libopenstack.a(icmpv6.o)
 .bss           0x0000000020004794        0x0 build/openmote-cc2538_armgcc/openstack/libopenstack.a(icmpv6echo.o)
 .bss           0x0000000020004794        0x0 build/openmote-cc2538_armgcc/openstack/libopenstack.a(icmpv6rpl.o)
 .bss           0x0000000020004794        0x0 build/openmote-cc2538_armgcc/openstack/libopenstack.a(openudp.o)
 .bss           0x0000000020004794        0x0 build/openmote-cc2538_armgcc/openstack/libopenstack.a(idmanager.o)
 .bss           0x0000000020004794        0x0 build/openmote-cc2538_armgcc/openstack/libopenstack.a(openqueue.o)
 .bss           0x0000000020004794        0x0 build/openmote-cc2538_armgcc/openstack/libopenstack.a(openrandom.o)
 .bss           0x0000000020004794        0x0 build/openmote-cc2538_armgcc/openstack/libopenstack.a(packetfunctions.o)
 .bss           0x0000000020004794        0x0 build/openmote-cc2538_armgcc/openstack/libopenstack.a(IEEE802154.o)
 .bss           0x0000000020004794        0x0 build/openmote-cc2538_armgcc/openstack/libopenstack.a(topology.o)
 .bss           0x0000000020004794        0x0 build/openmote-cc2538_armgcc/openapps/libopenapps.a(openapps_dyn.o)
 .bss           0x0000000020004794        0x0 build/openmote-cc2538_armgcc/openapps/libopenapps.a(opencoap.o)
 .bss           0x0000000020004794        0x0 build/openmote-cc2538_armgcc/openapps/libopenapps.a(cinfo.o)
 .bss           0x0000000020004794        0x0 build/openmote-cc2538_armgcc/openapps/libopenapps.a(cwellknown.o)
 .bss           0x0000000020004794        0x0 build/openmote-cc2538_armgcc/openapps/libopenapps.a(whisper.o)
 .bss           0x0000000020004794        0x0 build/openmote-cc2538_armgcc/openapps/libopenapps.a(whispersender.o)
 .bss           0x0000000020004794        0x0 build/openmote-cc2538_armgcc/openapps/libopenapps.a(openoscoap.o)
 .bss           0x0000000020004794        0x0 build/openmote-cc2538_armgcc/openapps/libopenapps.a(hkdf.o)
 .bss           0x0000000020004794        0x0 build/openmote-cc2538_armgcc/openapps/libopenapps.a(hmac.o)
 .bss           0x0000000020004794        0x0 build/openmote-cc2538_armgcc/openapps/libopenapps.a(cborencoder.o)
 .bss           0x0000000020004794        0x0 build/openmote-cc2538_armgcc/openapps/libopenapps.a(usha.o)
 .bss           0x0000000020004794        0x4 build/openmote-cc2538_armgcc/openapps/libopenapps.a(sha224-256.o)
 .bss           0x0000000020004798        0x0 build/openmote-cc2538_armgcc/kernel/openos/libkernel.a(scheduler.o)
 .bss           0x0000000020004798        0x0 build/openmote-cc2538_armgcc/drivers/libdrivers.a(openserial.o)
 .bss           0x0000000020004798        0x0 build/openmote-cc2538_armgcc/drivers/libdrivers.a(opentimers.o)
 .bss           0x0000000020004798        0x0 build/openmote-cc2538_armgcc/drivers/libdrivers.a(openhdlc.o)
 .bss           0x0000000020004798        0x0 build/openmote-cc2538_armgcc/bsp/boards/libbsp.a(board.o)
 .bss           0x0000000020004798       0x10 build/openmote-cc2538_armgcc/bsp/boards/libbsp.a(cryptoengine.o)
 .bss           0x00000000200047a8        0x0 build/openmote-cc2538_armgcc/bsp/boards/libbsp.a(debugpins.o)
 .bss           0x00000000200047a8        0x0 build/openmote-cc2538_armgcc/bsp/boards/libbsp.a(eui64.o)
 .bss           0x00000000200047a8        0x0 build/openmote-cc2538_armgcc/bsp/boards/libbsp.a(i2c.o)
 .bss           0x00000000200047a8        0x0 build/openmote-cc2538_armgcc/bsp/boards/libbsp.a(leds.o)
 .bss           0x00000000200047a8        0x0 build/openmote-cc2538_armgcc/bsp/boards/libbsp.a(radio.o)
 .bss           0x00000000200047a8        0x0 build/openmote-cc2538_armgcc/bsp/boards/libbsp.a(sctimer.o)
 .bss           0x00000000200047a8        0x0 build/openmote-cc2538_armgcc/bsp/boards/libbsp.a(sensors.o)
 .bss           0x00000000200047a8      0x800 build/openmote-cc2538_armgcc/bsp/boards/libbsp.a(startup_gcc.o)
 .bss           0x0000000020004fa8        0x0 build/openmote-cc2538_armgcc/bsp/boards/libbsp.a(uart.o)
 .bss           0x0000000020004fa8       0x14 build/openmote-cc2538_armgcc/bsp/boards/libbsp.a(aes.o)
                0x0000000020004fa8                g_ui8CurrentAESOp
 .bss           0x0000000020004fbc        0x0 build/openmote-cc2538_armgcc/bsp/boards/libbsp.a(ccm.o)
 .bss           0x0000000020004fbc        0x0 build/openmote-cc2538_armgcc/bsp/boards/libbsp.a(flash.o)
 .bss           0x0000000020004fbc        0x0 build/openmote-cc2538_armgcc/bsp/boards/libbsp.a(gpio.o)
 .bss           0x0000000020004fbc        0x0 build/openmote-cc2538_armgcc/bsp/boards/libbsp.a(gptimer.o)
 .bss           0x0000000020004fbc        0x0 build/openmote-cc2538_armgcc/bsp/boards/libbsp.a(i2c_lib.o)
 .bss           0x0000000020004fbc        0x0 build/openmote-cc2538_armgcc/bsp/boards/libbsp.a(interrupt.o)
 .bss           0x0000000020004fbc        0x0 build/openmote-cc2538_armgcc/bsp/boards/libbsp.a(ioc.o)
 .bss           0x0000000020004fbc        0x0 build/openmote-cc2538_armgcc/bsp/boards/libbsp.a(sleepmode.o)
 .bss           0x0000000020004fbc        0x0 build/openmote-cc2538_armgcc/bsp/boards/libbsp.a(sys_ctrl.o)
 .bss           0x0000000020004fbc        0x0 build/openmote-cc2538_armgcc/bsp/boards/libbsp.a(uarthal.o)
 .bss           0x0000000020004fbc        0x0 build/openmote-cc2538_armgcc/bsp/boards/libbsp.a(adxl346.o)
 .bss           0x0000000020004fbc        0x0 build/openmote-cc2538_armgcc/bsp/boards/libbsp.a(max44009.o)
 .bss           0x0000000020004fbc        0x1 build/openmote-cc2538_armgcc/bsp/boards/libbsp.a(sht21.o)
 .bss           0x0000000020004fbd        0x0 build/openmote-cc2538_armgcc/bsp/boards/libbsp.a(adc_sensor.o)
 .bss           0x0000000020004fbd        0x0 build/openmote-cc2538_armgcc/bsp/boards/libbsp.a(adc.o)
 .bss           0x0000000020004fbd        0x0 build/openmote-cc2538_armgcc/bsp/boards/libbsp.a(cpu.o)
 .bss           0x0000000020004fbd        0x0 /usr/lib/gcc/arm-none-eabi/5.4.1/armv7-m/libgcc.a(_arm_addsubdf3.o)
 .bss           0x0000000020004fbd        0x0 /usr/lib/gcc/arm-none-eabi/5.4.1/armv7-m/libgcc.a(_arm_muldivdf3.o)
 .bss           0x0000000020004fbd        0x0 /usr/lib/gcc/arm-none-eabi/5.4.1/armv7-m/libgcc.a(_arm_truncdfsf2.o)
 .bss           0x0000000020004fbd        0x0 /usr/lib/gcc/arm-none-eabi/5.4.1/armv7-m/libgcc.a(_arm_addsubsf3.o)
 .bss           0x0000000020004fbd        0x0 /usr/lib/gcc/arm-none-eabi/5.4.1/armv7-m/libgcc.a(_arm_muldivsf3.o)
 .bss           0x0000000020004fbd        0x0 /usr/lib/gcc/arm-none-eabi/5.4.1/../../../arm-none-eabi/lib/armv7-m/libg.a(lib_a-memcmp.o)
 .bss           0x0000000020004fbd        0x0 /usr/lib/gcc/arm-none-eabi/5.4.1/../../../arm-none-eabi/lib/armv7-m/libg.a(lib_a-memcpy.o)
 .bss           0x0000000020004fbd        0x0 /usr/lib/gcc/arm-none-eabi/5.4.1/../../../arm-none-eabi/lib/armv7-m/libg.a(lib_a-memset.o)
 *(COMMON)
 *fill*         0x0000000020004fbd        0x3 
 COMMON         0x0000000020004fc0      0x1c8 build/openmote-cc2538_armgcc/openstack/libopenstack.a(IEEE802154E.o)
                0x0000000020004fc0                ieee154e_vars
                0x0000000020005168                ieee154e_stats
                0x0000000020005178                ieee154e_dbg
 COMMON         0x0000000020005188       0x24 build/openmote-cc2538_armgcc/openstack/libopenstack.a(IEEE802154_security.o)
                0x0000000020005188                ieee802154_security_vars
 COMMON         0x00000000200051ac        0x8 build/openmote-cc2538_armgcc/openstack/libopenstack.a(msf.o)
                0x00000000200051ac                msf_vars
 COMMON         0x00000000200051b4      0x34c build/openmote-cc2538_armgcc/openstack/libopenstack.a(schedule.o)
                0x00000000200051b4                schedule_vars
 COMMON         0x0000000020005500       0x50 build/openmote-cc2538_armgcc/openstack/libopenstack.a(sixtop.o)
                0x0000000020005500                sixtop_vars
 COMMON         0x0000000020005550       0x16 build/openmote-cc2538_armgcc/openstack/libopenstack.a(icmpv6echo.o)
                0x0000000020005550                icmpv6echo_vars
 *fill*         0x0000000020005566        0x2 
 COMMON         0x0000000020005568       0x9c build/openmote-cc2538_armgcc/openstack/libopenstack.a(icmpv6rpl.o)
                0x0000000020005568                icmpv6rpl_vars
 COMMON         0x0000000020005604        0x4 build/openmote-cc2538_armgcc/openstack/libopenstack.a(openudp.o)
                0x0000000020005604                openudp_vars
 COMMON         0x0000000020005608       0x5b build/openmote-cc2538_armgcc/openstack/libopenstack.a(idmanager.o)
                0x0000000020005608                idmanager_vars
 *fill*         0x0000000020005663        0x1 
 COMMON         0x0000000020005664      0xca8 build/openmote-cc2538_armgcc/openstack/libopenstack.a(openqueue.o)
                0x0000000020005664                openqueue_vars
 COMMON         0x000000002000630c        0x2 build/openmote-cc2538_armgcc/openstack/libopenstack.a(openrandom.o)
                0x000000002000630c                random_vars
 *fill*         0x000000002000630e        0x2 
 COMMON         0x0000000020006310       0x40 build/openmote-cc2538_armgcc/openapps/libopenapps.a(opencoap.o)
                0x0000000020006310                opencoap_vars