Archive member included to satisfy reference by file (symbol)

build/openmote-cc2538_armgcc/openstack/libopenstack.a(openstack.o)
                              build/openmote-cc2538_armgcc/projects/common/03oos_openwsn/03oos_openwsn.o (openstack_init)
build/openmote-cc2538_armgcc/openstack/libopenstack.a(IEEE802154E.o)
                              build/openmote-cc2538_armgcc/openstack/libopenstack.a(openstack.o) (ieee154e_init)
build/openmote-cc2538_armgcc/openstack/libopenstack.a(IEEE802154_security.o)
                              build/openmote-cc2538_armgcc/openstack/libopenstack.a(IEEE802154E.o) (IEEE802154_security_init)
build/openmote-cc2538_armgcc/openstack/libopenstack.a(neighbors.o)
                              build/openmote-cc2538_armgcc/openstack/libopenstack.a(openstack.o) (neighbors_init)
build/openmote-cc2538_armgcc/openstack/libopenstack.a(msf.o)
                              build/openmote-cc2538_armgcc/openstack/libopenstack.a(openstack.o) (msf_init)
build/openmote-cc2538_armgcc/openstack/libopenstack.a(schedule.o)
                              build/openmote-cc2538_armgcc/openstack/libopenstack.a(openstack.o) (schedule_init)
build/openmote-cc2538_armgcc/openstack/libopenstack.a(sixtop.o)
                              build/openmote-cc2538_armgcc/openstack/libopenstack.a(openstack.o) (sixtop_init)
build/openmote-cc2538_armgcc/openstack/libopenstack.a(iphc.o)
                              build/openmote-cc2538_armgcc/openstack/libopenstack.a(openstack.o) (iphc_init)
build/openmote-cc2538_armgcc/openstack/libopenstack.a(openbridge.o)
                              build/openmote-cc2538_armgcc/openstack/libopenstack.a(openstack.o) (openbridge_init)
build/openmote-cc2538_armgcc/openstack/libopenstack.a(forwarding.o)
                              build/openmote-cc2538_armgcc/openstack/libopenstack.a(openstack.o) (forwarding_init)
build/openmote-cc2538_armgcc/openstack/libopenstack.a(icmpv6.o)
                              build/openmote-cc2538_armgcc/openstack/libopenstack.a(openstack.o) (icmpv6_init)
build/openmote-cc2538_armgcc/openstack/libopenstack.a(icmpv6echo.o)
                              build/openmote-cc2538_armgcc/openstack/libopenstack.a(openstack.o) (icmpv6echo_init)
build/openmote-cc2538_armgcc/openstack/libopenstack.a(icmpv6rpl.o)
                              build/openmote-cc2538_armgcc/openstack/libopenstack.a(openstack.o) (icmpv6rpl_init)
build/openmote-cc2538_armgcc/openstack/libopenstack.a(openudp.o)
                              build/openmote-cc2538_armgcc/openstack/libopenstack.a(openstack.o) (openudp_init)
build/openmote-cc2538_armgcc/openstack/libopenstack.a(idmanager.o)
                              build/openmote-cc2538_armgcc/openstack/libopenstack.a(openstack.o) (idmanager_init)
build/openmote-cc2538_armgcc/openstack/libopenstack.a(openqueue.o)
                              build/openmote-cc2538_armgcc/openstack/libopenstack.a(openstack.o) (openqueue_init)
build/openmote-cc2538_armgcc/openstack/libopenstack.a(openrandom.o)
                              build/openmote-cc2538_armgcc/openstack/libopenstack.a(openstack.o) (openrandom_init)
build/openmote-cc2538_armgcc/openstack/libopenstack.a(packetfunctions.o)
                              build/openmote-cc2538_armgcc/openstack/libopenstack.a(neighbors.o) (packetfunctions_ip128bToMac64b)
build/openmote-cc2538_armgcc/openstack/libopenstack.a(IEEE802154.o)
                              build/openmote-cc2538_armgcc/openstack/libopenstack.a(IEEE802154E.o) (ieee802154_prependHeader)
build/openmote-cc2538_armgcc/openstack/libopenstack.a(topology.o)
                              build/openmote-cc2538_armgcc/openstack/libopenstack.a(IEEE802154.o) (topology_isAcceptablePacket)
build/openmote-cc2538_armgcc/openapps/libopenapps.a(openapps_dyn.o)
                              build/openmote-cc2538_armgcc/openstack/libopenstack.a(openstack.o) (openapps_init)
build/openmote-cc2538_armgcc/openapps/libopenapps.a(opencoap.o)
                              build/openmote-cc2538_armgcc/openapps/libopenapps.a(openapps_dyn.o) (opencoap_init)
build/openmote-cc2538_armgcc/openapps/libopenapps.a(cinfo.o)
                              build/openmote-cc2538_armgcc/openapps/libopenapps.a(openapps_dyn.o) (cinfo_init)
build/openmote-cc2538_armgcc/openapps/libopenapps.a(cwellknown.o)
                              build/openmote-cc2538_armgcc/openapps/libopenapps.a(openapps_dyn.o) (cwellknown_init)
build/openmote-cc2538_armgcc/openapps/libopenapps.a(whisper.o)
                              build/openmote-cc2538_armgcc/openapps/libopenapps.a(openapps_dyn.o) (whisper_init)
build/openmote-cc2538_armgcc/openapps/libopenapps.a(whispersender.o)
                              build/openmote-cc2538_armgcc/openapps/libopenapps.a(openapps_dyn.o) (whispersender_init)
build/openmote-cc2538_armgcc/openapps/libopenapps.a(openoscoap.o)
                              build/openmote-cc2538_armgcc/openapps/libopenapps.a(opencoap.o) (openoscoap_protect_message)
[...]
Memory Configuration

Name             Origin             Length             Attributes
FLASH            0x0000000000200000 0x000000000007ffd4 xr
FLASH_CCA        0x000000000027ffd4 0x000000000000000c xr
SRAM             0x0000000020004000 0x0000000000004000 xrw
*default*        0x0000000000000000 0xffffffffffffffff

Linker script and memory map

LOAD build/openmote-cc2538_armgcc/projects/common/03oos_openwsn/03oos_openwsn.o
LOAD build/openmote-cc2538_armgcc/openstack/libopenstack.a
LOAD build/openmote-cc2538_armgcc/openapps/libopenapps.a
LOAD build/openmote-cc2538_armgcc/openstack/libopenstack.a
LOAD build/openmote-cc2538_armgcc/kernel/openos/libkernel.a
LOAD build/openmote-cc2538_armgcc/drivers/libdrivers.a
LOAD build/openmote-cc2538_armgcc/bsp/boards/libbsp.a
START GROUP
LOAD /usr/lib/gcc/arm-none-eabi/5.4.1/armv7-m/libgcc.a
LOAD /usr/lib/gcc/arm-none-eabi/5.4.1/../../../arm-none-eabi/lib/armv7-m/libg.a
LOAD /usr/lib/gcc/arm-none-eabi/5.4.1/../../../arm-none-eabi/lib/armv7-m/libc.a
END GROUP

.text           0x0000000000200000    0x1d197
                0x0000000000200000                _text = .
 *(.vectors)
 .vectors       0x0000000000200000      0x28c build/openmote-cc2538_armgcc/bsp/boards/libbsp.a(startup_gcc.o)
                0x0000000000200000                gVectors
 *(.text*)
 .text          0x000000000020028c       0x30 build/openmote-cc2538_armgcc/projects/common/03oos_openwsn/03oos_openwsn.o
                0x000000000020028c                mote_main
                0x00000000002002a8                sniffer_setListeningChannel
 .text          0x00000000002002bc       0x5c build/openmote-cc2538_armgcc/openstack/libopenstack.a(openstack.o)
                0x00000000002002bc                openstack_init
 .text          0x0000000000200318     0x2e88 build/openmote-cc2538_armgcc/openstack/libopenstack.a(IEEE802154E.o)
                0x0000000000200318                ieee154e_init
                0x0000000000200404                ieee154e_asnDiff
                0x00000000002004b0                ieee154e_computeAsnDiff
                0x0000000000200550                ieee154e_calculateExpTime
                0x0000000000200614                ieee154e_orderToASNStructure
                0x000000000020066c                isr_ieee154e_newSlot
                0x0000000000200700                isr_ieee154e_timer
                0x000000000020081c                ieee154e_startOfFrame
                0x00000000002008f0                ieee154e_endOfFrame
                0x00000000002009c4                debugPrint_asn
                0x0000000000200a04                debugPrint_isSync
                0x0000000000200a30                debugPrint_macStats
                0x0000000000200a48                activity_synchronize_newSlot
                0x0000000000200b60                activity_synchronize_startOfFrame
                0x0000000000200b9c                activity_synchronize_endOfFrame
                0x0000000000200e64                ieee154e_processIEs
                0x0000000000200ef4                activity_ti1ORri1
                0x0000000000201404                activity_ti2
                0x00000000002014b0                activity_tie1
                0x00000000002014d4                activity_ti3
                0x0000000000201514                activity_tie2
                0x0000000000201538                activity_ti4
                0x00000000002015a0                activity_tie3
                0x00000000002015c4                activity_ti5
                0x0000000000201694                activity_ti6
                0x00000000002016f8                activity_tie4
                0x000000000020171c                activity_ti7
                0x000000000020175c                activity_tie5
                0x00000000002017b8                activity_ti8
                0x0000000000201820                activity_tie6
                0x0000000000201844                activity_ti9
                0x0000000000201af0                activity_ri2
                0x0000000000201b54                activity_rie1
                0x0000000000201b78                activity_ri3
                0x0000000000201bb8                activity_rie2
                0x0000000000201bc4                activity_ri4
                0x0000000000201c34                activity_rie3
                0x0000000000201c58                activity_ri5
                0x000000000020204c                activity_ri6
                0x00000000002021f8                activity_rie4
                0x000000000020221c                activity_ri7
                0x000000000020225c                activity_rie5
                0x0000000000202280                activity_ri8
                0x00000000002022e8                activity_rie6
                0x000000000020230c                activity_ri9
                0x000000000020237c                isValidRxFrame
                0x00000000002023ec                isValidAck
                0x0000000000202460                incrementAsnOffset
                0x0000000000202514                ieee154e_resetAsn
                0x000000000020254c                ieee154e_getAsn
                0x00000000002025b4                ieee154e_getTimeCorrection
                0x00000000002025d4                joinPriorityStoreFromEB
                0x0000000000202604                isValidJoin
                0x00000000002026b4                isValidEbFormat
                0x0000000000202a4c                asnStoreFromEB
                0x0000000000202aa4                ieee154e_syncSlotOffset
                0x0000000000202b80                ieee154e_setIsAckEnabled
                0x0000000000202ba0                ieee154e_setSingleChannel
                0x0000000000202bdc                ieee154e_setIsSecurityEnabled
                0x0000000000202bfc                ieee154e_setSlotDuration
                0x0000000000202c1c                ieee154e_getSlotDuration
                0x0000000000202c34                timeslotTemplateIDStoreFromEB
                0x0000000000202c54                channelhoppingTemplateIDStoreFromEB
                0x0000000000202c74                synchronizePacket
                0x0000000000202d2c                synchronizeAck
                0x0000000000202dac                changeIsSync
                0x0000000000202de4                notif_sendDone
                0x0000000000202e24                notif_receive
                0x0000000000202e64                resetStats
                0x0000000000202ec4                updateStats
                0x0000000000202f0c                calculateFrequency
                0x0000000000202f5c                changeState
                0x0000000000203008                endSlot
                0x000000000020318c                ieee154e_isSynch
 .text          0x00000000002031a0      0x1dc build/openmote-cc2538_armgcc/openstack/libopenstack.a(IEEE802154_security.o)
                0x00000000002031a0                IEEE802154_security_init
                0x00000000002031e0                IEEE802154_security_getBeaconKeyIndex
                0x00000000002031f4                IEEE802154_security_getDataKeyIndex
                0x0000000000203208                IEEE802154_security_setBeaconKey
                0x0000000000203240                IEEE802154_security_setDataKey
                0x0000000000203278                IEEE802154_security_isConfigured
                0x00000000002032b0                IEEE802154_security_setDynamicKeying
                0x00000000002032c8                IEEE802154_security_prependAuxiliarySecurityHeader
                0x00000000002032dc                IEEE802154_security_retrieveAuxiliarySecurityHeader
                0x00000000002032f0                IEEE802154_security_outgoingFrameSecurity
                0x0000000000203304                IEEE802154_security_incomingFrame
                0x0000000000203318                IEEE802154_security_authLengthChecking
                0x0000000000203330                IEEE802154_security_auxLengthChecking
                0x0000000000203350                IEEE802154_security_getSecurityLevel
                0x0000000000203364                IEEE802154_security_acceptableLevel
 .text          0x000000000020337c     0x1378 build/openmote-cc2538_armgcc/openstack/libopenstack.a(neighbors.o)
                0x000000000020337c                neighbors_init
                0x0000000000203394                neighbors_getNumNeighbors
                0x00000000002033dc                neighbors_getNeighborRank
                0x0000000000203408                neighbors_getRssi
                0x0000000000203434                neighbors_getNumTx
                0x0000000000203460                neighbors_getKANeighbor
                0x00000000002034d8                neighbors_getJoinProxy
                0x0000000000203570                neighbors_getNeighborNoResource
                0x000000000020359c                neighbors_getNeighborIsInBlacklist
                0x00000000002035c8                neighbors_getSequenceNumber
                0x0000000000203624                neighbors_isStableNeighbor
                0x00000000002036c4                neighbors_isStableNeighborByIndex
                0x0000000000203714                neighbors_isInsecureNeighbor
                0x0000000000203784                neighbors_isNeighborWithHigherDAGrank
                0x00000000002037d8                neighbors_reachedMinimalTransmission
                0x0000000000203828                neighbors_indicateRx
                0x0000000000203a88                neighbors_indicateTx
                0x0000000000203bf4                neighbors_updateSequenceNumber
                0x0000000000203c94                neighbors_resetSequenceNumber
                0x0000000000203cf0                neighbors_getNeighborEui64
                0x0000000000203d60                neighbors_updateBackoff
                0x0000000000203e28                neighbors_decreaseBackoff
                0x0000000000203eb0                neighbors_backoffHitZero
                0x0000000000203f18                neighbors_resetBackoff
                0x0000000000203f88                neighbors_setNeighborRank
                0x0000000000203fbc                neighbors_setNeighborNoResource
                0x000000000020400c                neighbors_setPreferredParent
                0x0000000000204040                neighbors_getLinkMetric
                0x000000000020415c                neighbors_removeOld
                0x000000000020426c                debugPrint_neighbors
                0x0000000000204300                registerNewNeighbor
                0x00000000002044d8                isNeighbor
                0x0000000000204514                removeNeighbor
                0x0000000000204680                isThisRowMatching
 .text          0x00000000002046f4      0x69c build/openmote-cc2538_armgcc/openstack/libopenstack.a(msf.o)
                0x00000000002046f4                msf_init
                0x0000000000204770                msf_updateCellsPassed
                0x00000000002047d0                msf_updateCellsUsed
                0x0000000000204804                msf_trigger6pClear
                0x0000000000204840                msf_getsfid
                0x0000000000204850                msf_getMetadata
                0x0000000000204860                msf_translateMetadata
                0x0000000000204870                msf_handleRCError
                0x0000000000204900                msf_timer_waitretry_cb
                0x0000000000204920                msf_timer_housekeeping_cb
                0x0000000000204968                msf_timer_housekeeping_task
                0x00000000002049ac                msf_timer_clear_task
                0x00000000002049f4                msf_trigger6pAdd
                0x0000000000204a84                msf_trigger6pDelete
                0x0000000000204b2c                msf_appPktPeriod
                0x0000000000204b4c                msf_candidateAddCellList
                0x0000000000204c00                msf_candidateRemoveCellList
                0x0000000000204cac                msf_housekeeping
 .text          0x0000000000204d90      0xe98 build/openmote-cc2538_armgcc/openstack/libopenstack.a(schedule.o)
                0x0000000000204d90                schedule_init
                0x0000000000204e30                schedule_startDAGroot
                0x0000000000204e98                debugPrint_schedule
                0x0000000000204fe8                debugPrint_backoff
                0x0000000000205018                schedule_setFrameLength
                0x000000000020504c                schedule_setFrameHandle
                0x0000000000205074                schedule_setFrameNumber
                0x000000000020509c                schedule_getSlotInfo
                0x0000000000205124                schedule_addActiveSlot
                0x00000000002052dc                schedule_removeActiveSlot
                0x00000000002053cc                schedule_isSlotOffsetAvailable
                0x000000000020542c                schedule_removeAllCells
                0x000000000020548c                schedule_getNumberOfFreeEntries
                0x00000000002054dc                schedule_getNumberOfDedicatedCells
                0x0000000000205534                schedule_getNonParentNeighborWithDedicatedCells
                0x00000000002055b0                schedule_isNumTxWrapped
                0x000000000020561c                schedule_getCellsToBeRelocated
                0x000000000020578c                schedule_hasDedicatedCellToNeighbor
                0x00000000002057f4                schedule_syncSlotOffset
                0x0000000000205828                schedule_advanceSlot
                0x000000000020584c                schedule_getNextActiveSlotOffset
                0x0000000000205874                schedule_getFrameLength
                0x0000000000205898                schedule_getType
                0x00000000002058c0                schedule_getNeighbor
                0x00000000002058f0                schedule_getChannelOffset
                0x0000000000205918                schedule_getOkToSend
                0x00000000002059a8                schedule_resetBackoff
                0x00000000002059cc                schedule_indicateRx
                0x0000000000205a08                schedule_indicateTx
                0x0000000000205b30                schedule_getOneCellAfterOffset
                0x0000000000205bc0                schedule_resetEntry
 .text          0x0000000000205c28     0x2964 build/openmote-cc2538_armgcc/openstack/libopenstack.a(sixtop.o)
                0x0000000000205c28                sixtop_init
                0x0000000000205ce8                sixtop_setKaPeriod
                0x0000000000205d18                sixtop_setEBPeriod
                0x0000000000205d40                sixtop_setSFcallback
                0x0000000000205d74                sixtop_request
                0x000000000020627c                sixtop_send
                0x0000000000206348                task_sixtopNotifSendDone
                0x0000000000206400                task_sixtopNotifReceive
                0x0000000000206508                debugPrint_myDAGrank
                0x0000000000206530                debugPrint_kaPeriod
                0x0000000000206558                sixtop_setIsResponseEnabled
                0x0000000000206578                sixtop_send_internal
                0x00000000002065f8                sixtop_sendingEb_timer_cb
                0x0000000000206648                sixtop_maintenance_timer_cb
                0x0000000000206668                sixtop_timeout_timer_cb
                0x0000000000206688                timer_sixtop_sendEb_fired
                0x0000000000206708                timer_sixtop_management_fired
                0x0000000000206750                sixtop_sendEB
                0x0000000000206978                sixtop_sendKA
                0x0000000000206a68                timer_sixtop_six2six_timeout_fired
                0x0000000000206ab4                sixtop_six2six_sendDone
                0x0000000000206c48                sixtop_processIEs
                0x0000000000206dbc                sixtop_six2six_notifyReceive
                0x0000000000208094                sixtop_addCells
                0x00000000002082e4                sixtop_removeCells
                0x0000000000208374                sixtop_areAvailableCellsToBeScheduled
                0x0000000000208424                sixtop_areAvailableCellsToBeRemoved
 .text          0x000000000020858c     0x1af8 build/openmote-cc2538_armgcc/openstack/libopenstack.a(iphc.o)
                0x000000000020858c                iphc_init
                0x0000000000208598                iphc_sendFromForwarding
                0x0000000000208878                iphc_sendFromBridge
                0x00000000002088b8                iphc_sendDone
                0x00000000002088f0                iphc_receive
                0x00000000002089f8                iphc_prependIPv6Header
                0x0000000000208dc0                iphc_retrieveIPv6Header
                0x00000000002092d8                iphc_retrieveIphcHeader
                0x0000000000209a18                iphc_prependIPv6HopByHopHeader
                0x0000000000209ad0                iphc_prependIPv6DeadlineHeader
                0x0000000000209cc8                iphc_retrieveIPv6HopByHopHeader
                0x0000000000209dc4                iphc_retrieveIPv6DeadlineHeader
                0x000000000020a01c                iphc_getDeadlineInfo
                0x000000000020a04c                iphc_getAsnLen
 .text          0x000000000020a084      0x198 build/openmote-cc2538_armgcc/openstack/libopenstack.a(openbridge.o)
                0x000000000020a084                openbridge_init
                0x000000000020a090                openbridge_triggerData
                0x000000000020a188                openbridge_sendDone
                0x000000000020a1bc                openbridge_receive
 .text          0x000000000020a21c      0xf34 build/openmote-cc2538_armgcc/openstack/libopenstack.a(forwarding.o)
                0x000000000020a21c                forwarding_init
                0x000000000020a228                forwarding_send
                0x000000000020a578                forwarding_sendDone
                0x000000000020a5e8                forwarding_receive
                0x000000000020a7ec                forwarding_getNextHopWhisper
                0x000000000020a80c                forwarding_getNextHop
                0x000000000020a870                forwarding_send_internal_RoutingTable
                0x000000000020a90c                forwarding_send_internal_SourceRouting
                0x000000000020b0b8                forwarding_createRplOption
                0x000000000020b138                forwarding_createDeadlineOption
 .text          0x000000000020b150       0xe8 build/openmote-cc2538_armgcc/openstack/libopenstack.a(icmpv6.o)
                0x000000000020b150                icmpv6_init
                0x000000000020b15c                icmpv6_send
                0x000000000020b180                icmpv6_sendDone
                0x000000000020b1dc                icmpv6_receive
 .text          0x000000000020b238      0x2bc build/openmote-cc2538_armgcc/openstack/libopenstack.a(icmpv6echo.o)
                0x000000000020b238                icmpv6echo_init
                0x000000000020b25c                icmpv6echo_trigger
                0x000000000020b374                icmpv6echo_sendDone
                0x000000000020b3b4                icmpv6echo_receive
                0x000000000020b4d4                icmpv6echo_setIsReplyEnabled
 .text          0x000000000020b4f4     0x1378 build/openmote-cc2538_armgcc/openstack/libopenstack.a(icmpv6rpl.o)
                0x000000000020b4f4                icmpv6rpl_init
                0x000000000020b7ec                icmpv6rpl_writeDODAGid
                0x000000000020b824                icmpv6rpl_getRPLIntanceID
                0x000000000020b83c                icmpv6rpl_getRPLDODAGid
                0x000000000020b878                icmpv6rpl_sendDone
                0x000000000020b904                icmpv6rpl_receive
                0x000000000020b978                icmpv6rpl_getPreferredParentIndex
                0x000000000020b9a0                icmpv6rpl_getPreferredParentEui64
                0x000000000020ba04                icmpv6rpl_isPreferredParent
                0x000000000020ba68                icmpv6rpl_getMyDAGrank
                0x000000000020ba80                icmpv6rpl_setMyDAGrank
                0x000000000020baa0                icmpv6rpl_updateMyDAGrankAndParentSelection
                0x000000000020bd80                icmpv6rpl_indicateRxDIO
                0x000000000020c090                icmpv6rpl_killPreferredParent
                0x000000000020c0c4                icmpv6rpl_timer_DIO_cb
                0x000000000020c10c                icmpv6rpl_timer_DIO_task
                0x000000000020c19c                icmpv6rpl_sendWhisperDIO
                0x000000000020c32c                sendDIO
                0x000000000020c4fc                icmpv6rpl_timer_DAO_cb
                0x000000000020c544                icmpv6rpl_timer_DAO_task
                0x000000000020c584                sendDAO
                0x000000000020c7ec                icmpv6rpl_setDIOPeriod
                0x000000000020c81c                icmpv6rpl_setDAOPeriod
                0x000000000020c84c                icmpv6rpl_daoSent
 .text          0x000000000020c86c      0x500 build/openmote-cc2538_armgcc/openstack/libopenstack.a(openudp.o)
                0x000000000020c86c                openudp_init
                0x000000000020c884                openudp_register
                0x000000000020c8a8                openudp_send
                0x000000000020caac                openudp_sendDone
                0x000000000020cb2c                openudp_receive
                0x000000000020cd28                openudp_debugPrint
 .text          0x000000000020cd6c      0x554 build/openmote-cc2538_armgcc/openstack/libopenstack.a(idmanager.o)
                0x000000000020cd6c                idmanager_init
                0x000000000020ce0c                idmanager_getIsDAGroot
                0x000000000020ce30                idmanager_setIsDAGroot
                0x000000000020ce5c                idmanager_getIsSlotSkip
                0x000000000020ce80                idmanager_getMyID
                0x000000000020cefc                idmanager_setMyID
                0x000000000020cfc8                idmanager_isMyAddress
                0x000000000020d0b8                idmanager_triggerAboutRoot
                0x000000000020d1bc                idmanager_setJoinKey
                0x000000000020d1e8                idmanager_getJoinKey
                0x000000000020d204                idmanager_setJoinAsn
                0x000000000020d228                debugPrint_id
                0x000000000020d280                debugPrint_joined
 .text          0x000000000020d2c0      0x7a0 build/openmote-cc2538_armgcc/openstack/libopenstack.a(openqueue.o)
                0x000000000020d2c0                openqueue_init
                0x000000000020d2f8                debugPrint_queue
                0x000000000020d368                openqueue_getFreePacketBuffer
                0x000000000020d428                openqueue_freePacketBuffer
                0x000000000020d4b8                openqueue_removeAllCreatedBy
                0x000000000020d514                openqueue_sixtopGetSentPacket
                0x000000000020d580                openqueue_sixtopGetReceivedPacket
                0x000000000020d5ec                openqueue_macGetDataPacket
                0x000000000020d780                openqueue_isHighPriorityEntryEnough
                0x000000000020d7dc                openqueue_macGetEBPacket
                0x000000000020d868                openqueue_macGetDIOPacket
                0x000000000020d8f4                openqueue_macGetDedicatedPacket
                0x000000000020d9e0                openqueue_reset_entry
 .text          0x000000000020da60       0xb8 build/openmote-cc2538_armgcc/openstack/libopenstack.a(openrandom.o)
                0x000000000020da60                openrandom_init
                0x000000000020daa4                openrandom_get16b
 .text          0x000000000020db18      0xb78 build/openmote-cc2538_armgcc/openstack/libopenstack.a(packetfunctions.o)
                0x000000000020db18                packetfunctions_ip128bToMac64b
                0x000000000020db78                packetfunctions_mac64bToIp128b
                0x000000000020dbdc                packetfunctions_mac64bToMac16b
                0x000000000020dc24                packetfunctions_mac16bToMac64b
                0x000000000020dc90                packetfunctions_isBroadcastMulticast
                0x000000000020dd18                packetfunctions_isAllRoutersMulticast
                0x000000000020ddb8                packetfunctions_isAllHostsMulticast
                0x000000000020de58                packetfunctions_isLinkLocal
                0x000000000020deb8                packetfunctions_sameAddress
                0x000000000020df48                packetfunctions_readAddress
                0x000000000020dff4                packetfunctions_writeAddress
                0x000000000020e0a8                packetfunctions_reserveHeaderSize
                0x000000000020e0f4                packetfunctions_tossHeader
                0x000000000020e140                packetfunctions_reserveFooterSize
                0x000000000020e17c                packetfunctions_tossFooter
                0x000000000020e1b8                packetfunctions_duplicatePacket
                0x000000000020e24c                packetfunctions_calculateCRC
                0x000000000020e2e8                packetfunctions_checkCRC
                0x000000000020e398                packetfunctions_calculateChecksum
                0x000000000020e4ec                onesComplementSum
                0x000000000020e57c                packetfunctions_htons
                0x000000000020e5a8                packetfunctions_ntohs
                0x000000000020e5d0                packetfunctions_htonl
                0x000000000020e610                packetfunctions_ntohl
                0x000000000020e644                packetfunctions_reverseArrayByteOrder
 .text          0x000000000020e690      0x950 build/openmote-cc2538_armgcc/openstack/libopenstack.a(IEEE802154.o)
                0x000000000020e690                ieee802154_prependHeader
                0x000000000020eaf0                ieee802154_retrieveHeader
 .text          0x000000000020efe0       0x14 build/openmote-cc2538_armgcc/openstack/libopenstack.a(topology.o)
                0x000000000020efe0                topology_isAcceptablePacket
 .text          0x000000000020eff4       0x1c build/openmote-cc2538_armgcc/openapps/libopenapps.a(openapps_dyn.o)
                0x000000000020eff4                openapps_init
 .text          0x000000000020f010     0x1634 build/openmote-cc2538_armgcc/openapps/libopenapps.a(opencoap.o)
                0x000000000020f010                opencoap_init
                0x000000000020f08c                opencoap_receive
                0x000000000020f910                opencoap_sendDone
                0x000000000020f984                opencoap_writeLinks
                0x000000000020fa70                opencoap_register
                0x000000000020fab8                opencoap_send
                0x000000000020fbe8                opencoap_get_option_class
                0x000000000020fcb0                opencoap_options_encode
                0x000000000020fee0                opencoap_find_option
                0x000000000020ff64                opencoap_options_parse
                0x00000000002100e4                opencoap_handle_proxy_scheme
                0x00000000002102cc                opencoap_handle_stateless_proxy
                0x000000000021045c                opencoap_header_encode
                0x00000000002104e4                opencoap_add_stateless_proxy_option
                0x000000000021055c                opencoap_forward_message
 .text          0x0000000000210644      0x194 build/openmote-cc2538_armgcc/openapps/libopenapps.a(cinfo.o)
                0x0000000000210644                cinfo_init
                0x00000000002106a4                cinfo_receive
                0x00000000002107bc                cinfo_sendDone
 .text          0x00000000002107d8       0xf4 build/openmote-cc2538_armgcc/openapps/libopenapps.a(cwellknown.o)
                0x00000000002107d8                cwellknown_init
                0x000000000021083c                cwellknown_receive
                0x00000000002108b0                cwellknown_sendDone
 .text          0x00000000002108cc      0x730 build/openmote-cc2538_armgcc/openapps/libopenapps.a(whisper.o)
                0x00000000002108cc                whisper_init
                0x0000000000210984                whisper_setSentDIOs
                0x00000000002109a4                whisper_getSentDIOs
                0x00000000002109b8                whisper_setState
                0x00000000002109d8                whisper_getState
                0x00000000002109ec                whisper_getTargetChildren
                0x0000000000210a00                whisper_setTargetChildren
                0x0000000000210a20                whisper_getTargetParentNew
                0x0000000000210a34                whisper_setTargetParentNew
                0x0000000000210a54                whisper_getTargetParentOld
                0x0000000000210a68                whisper_setTargetParentOld
                0x0000000000210a88                whisper_getFakeSource
                0x0000000000210a9c                whisper_setFakeSource
                0x0000000000210abc                whisper_receive
                0x0000000000210c18                whisper_trigger_nextStep
                0x0000000000210d58                whisper_timer_cb
                0x0000000000210d78                whisper_timer_cb2
                0x0000000000210d98                whisper_timer_cb3
                0x0000000000210db8                whisper_timer_cb4
                0x0000000000210dd8                whisper_task_cb
                0x0000000000210e64                whisper_task_cb2
                0x0000000000210ec8                whisper_task_cb3
                0x0000000000210f4c                whisper_task_cb4
                0x0000000000210fe0                whisper_sendDone
 .text          0x0000000000210ffc      0x310 build/openmote-cc2538_armgcc/openapps/libopenapps.a(whispersender.o)
                0x0000000000210ffc                whispersender_init
                0x00000000002110bc                whispersender_receiveUdp
                0x00000000002110e0                whispersender_receiveCoap
                0x0000000000211158                whispersender_timer_cb
                0x0000000000211178                whispersender_task_cb
                0x00000000002112d4                whispersender_sendDoneCoap
                0x00000000002112f0                whispersender_sendDoneUdp
 .text          0x000000000021130c      0xc48 build/openmote-cc2538_armgcc/openapps/libopenapps.a(openoscoap.o)
                0x000000000021130c                openoscoap_init_security_context
                0x0000000000211428                openoscoap_protect_message
                0x0000000000211694                openoscoap_unprotect_message
                0x00000000002118e0                openoscoap_get_sequence_number
                0x000000000021191c                openoscoap_parse_compressed_COSE
                0x00000000002119f4                hkdf_derive_parameter
                0x0000000000211b3c                is_request
                0x0000000000211b70                openoscoap_construct_aad
                0x0000000000211d0c                openoscoap_encode_compressed_COSE
                0x0000000000211da4                xor_arrays
                0x0000000000211dec                flip_first_bit
                0x0000000000211e20                replay_window_check
                0x0000000000211e80                replay_window_update
                0x0000000000211f18                openoscoap_convert_sequence_number
 .text          0x0000000000211f54      0x480 build/openmote-cc2538_armgcc/openapps/libopenapps.a(hkdf.o)
                0x0000000000211f54                hkdf
                0x0000000000211fb8                hkdfExtract
                0x0000000000212018                hkdfExpand
                0x00000000002121ec                hkdfReset
                0x0000000000212258                hkdfInput
                0x00000000002122b4                hkdfFinalBits
                0x0000000000212310                hkdfResult
 .text          0x00000000002123d4      0x430 build/openmote-cc2538_armgcc/openapps/libopenapps.a(hmac.o)
                0x00000000002123d4                hmac
                0x000000000021244c                hmacReset
                0x000000000021265c                hmacInput
                0x00000000002126c4                hmacFinalBits
                0x000000000021272c                hmacResult
 .text          0x0000000000212804      0x1f0 build/openmote-cc2538_armgcc/openapps/libopenapps.a(cborencoder.o)
                0x0000000000212804                cborencoder_put_text
                0x0000000000212894                cborencoder_put_array
                0x00000000002128d0                cborencoder_put_bytes
                0x0000000000212960                cborencoder_put_map
                0x000000000021299c                cborencoder_put_unsigned
 .text          0x00000000002129f4      0x174 build/openmote-cc2538_armgcc/openapps/libopenapps.a(usha.o)
                0x00000000002129f4                USHAReset
                0x0000000000212a30                USHAInput
                0x0000000000212a6c                USHAFinalBits
                0x0000000000212aa8                USHAResult
                0x0000000000212ae0                USHABlockSize
                0x0000000000212b00                USHAHashSize
                0x0000000000212b20                USHAHashSizeBits
                0x0000000000212b44                USHAHashName
 .text          0x0000000000212b68      0x834 build/openmote-cc2538_armgcc/openapps/libopenapps.a(sha224-256.o)
                0x0000000000212b68                SHA224Reset
                0x0000000000212b88                SHA224Input
                0x0000000000212ba8                SHA224FinalBits
                0x0000000000212bcc                SHA224Result
                0x0000000000212bec                SHA256Reset
                0x0000000000212c0c                SHA256Input
                0x0000000000212cf0                SHA256FinalBits
                0x0000000000212dc0                SHA256Result
 .text          0x000000000021339c      0x13c build/openmote-cc2538_armgcc/kernel/openos/libkernel.a(scheduler.o)
                0x000000000021339c                scheduler_init
                0x00000000002133c0                scheduler_start
                0x0000000000213420                scheduler_push_task
 .text          0x00000000002134d8     0x1214 build/openmote-cc2538_armgcc/drivers/libdrivers.a(openserial.o)
                0x00000000002134d8                openserial_init
                0x000000000021358c                openserial_register
                0x00000000002135a8                openserial_printStatus
                0x0000000000213630                openserial_printInfo
                0x000000000021366c                openserial_printError
                0x00000000002136ac                openserial_printCritical
                0x0000000000213710                openserial_printData
                0x00000000002137bc                openserial_printSniffedPacket
                0x0000000000213844                openserial_getInputBufferFilllevel
                0x000000000021386c                openserial_getInputBuffer
                0x00000000002138d0                openserial_startInput
                0x000000000021393c                openserial_startOutput
                0x0000000000213ac4                openserial_stop
                0x0000000000213be0                debugPrint_outBufferIndexes
                0x0000000000213c18                openserial_printInfoErrorCritical
                0x0000000000213cc4                openserial_handleEcho
                0x0000000000213ce4                openserial_get6pInfo
                0x0000000000213fd4                openserial_handleCommands
                0x00000000002143ac                openserial_board_reset_cb
                0x00000000002143c4                outputHdlcOpen
                0x00000000002143fc                outputHdlcWrite
                0x000000000021447c                outputHdlcClose
                0x00000000002144d0                inputHdlcOpen
                0x00000000002144f0                inputHdlcWrite
                0x000000000021455c                inputHdlcClose
                0x000000000021458c                isr_openserial_tx
                0x000000000021461c                isr_openserial_rx
 .text          0x00000000002146ec      0xb48 build/openmote-cc2538_armgcc/drivers/libdrivers.a(opentimers.o)
                0x00000000002146ec                opentimers_init
                0x000000000021473c                opentimers_create
                0x0000000000214798                opentimers_scheduleIn
                0x0000000000214a40                opentimers_scheduleAbsolute
                0x0000000000214cdc                opentimers_cancel
                0x0000000000214d1c                opentimers_destroy
                0x0000000000214d58                opentimers_getValue
                0x0000000000214d68                opentimers_getCurrentTimeout
                0x0000000000214d80                opentimers_isRunning
                0x0000000000214dac                opentimers_setPriority
                0x0000000000214df4                opentimers_timer_callback
 .text          0x0000000000215234       0x38 build/openmote-cc2538_armgcc/drivers/libdrivers.a(openhdlc.o)
                0x0000000000215234                crcIteration
 .text          0x000000000021526c      0x3ac build/openmote-cc2538_armgcc/bsp/boards/libbsp.a(board.o)
                0x000000000021526c                main
                0x000000000021527c                board_init
                0x00000000002152c0                board_sleep
                0x00000000002152d4                board_timer_init
                0x00000000002152f4                board_timer_get
                0x0000000000215318                board_timer_expired
                0x0000000000215350                board_reset
 .text          0x0000000000215618      0x244 build/openmote-cc2538_armgcc/bsp/boards/libbsp.a(cryptoengine.o)
                0x0000000000215618                cryptoengine_init
                0x0000000000215634                cryptoengine_aes_ccms_enc
                0x00000000002156f4                cryptoengine_aes_ccms_dec
                0x00000000002157b4                cryptoengine_aes_ecb_enc
 .text          0x000000000021585c      0x204 build/openmote-cc2538_armgcc/bsp/boards/libbsp.a(debugpins.o)
                0x000000000021585c                debugpins_init
                0x0000000000215890                debugpins_frame_toggle
                0x00000000002158a4                debugpins_frame_clr
                0x00000000002158bc                debugpins_frame_set
                0x00000000002158d4                debugpins_slot_toggle
                0x00000000002158e8                debugpins_slot_clr
                0x0000000000215900                debugpins_slot_set
                0x0000000000215918                debugpins_fsm_toggle
                0x000000000021592c                debugpins_fsm_clr
                0x0000000000215944                debugpins_fsm_set
                0x000000000021595c                debugpins_task_toggle
                0x0000000000215970                debugpins_task_clr
                0x0000000000215988                debugpins_task_set
                0x00000000002159a0                debugpins_isr_toggle
                0x00000000002159b4                debugpins_isr_clr
                0x00000000002159cc                debugpins_isr_set
                0x00000000002159e4                debugpins_radio_toggle
                0x00000000002159f8                debugpins_radio_clr
                0x0000000000215a10                debugpins_radio_set
                0x0000000000215a28                bspDBpinToggle
 .text          0x0000000000215a60       0x58 build/openmote-cc2538_armgcc/bsp/boards/libbsp.a(eui64.o)
                0x0000000000215a60                eui64_get
 .text          0x0000000000215ab8      0x294 build/openmote-cc2538_armgcc/bsp/boards/libbsp.a(i2c.o)
                0x0000000000215ab8                i2c_init
                0x0000000000215b44                i2c_read_byte
                0x0000000000215ba8                i2c_read_bytes
                0x0000000000215c30                i2c_write_byte
                0x0000000000215c94                i2c_write_bytes
 .text          0x0000000000215d4c      0x408 build/openmote-cc2538_armgcc/bsp/boards/libbsp.a(leds.o)
                0x0000000000215d4c                leds_init
                0x0000000000215d6c                leds_error_on
                0x0000000000215d7c                leds_error_off
                0x0000000000215d8c                leds_error_toggle
                0x0000000000215d9c                leds_error_isOn
                0x0000000000215dc8                leds_sync_on
                0x0000000000215dd8                leds_sync_off
                0x0000000000215de8                leds_sync_toggle
                0x0000000000215df8                leds_sync_isOn
                0x0000000000215e24                leds_radio_on
                0x0000000000215e34                leds_radio_off
                0x0000000000215e44                leds_radio_toggle
                0x0000000000215e54                leds_radio_isOn
                0x0000000000215e78                leds_debug_on
                0x0000000000215e88                leds_debug_off
                0x0000000000215e98                leds_debug_toggle
                0x0000000000215ea8                leds_debug_isOn
                0x0000000000215ed4                leds_all_on
                0x0000000000215ee4                leds_all_off
                0x0000000000215ef4                leds_all_toggle
                0x0000000000215f04                leds_error_blink
                0x0000000000215f64                leds_circular_shift
                0x0000000000216024                leds_increment
                0x00000000002160d0                bspLedSet
                0x00000000002160f4                bspLedClear
                0x0000000000216118                bspLedToggle
 .text          0x0000000000216154      0x620 build/openmote-cc2538_armgcc/bsp/boards/libbsp.a(radio.o)
                0x0000000000216154                radio_init
                0x0000000000216290                radio_setStartFrameCb
                0x00000000002162ac                radio_setEndFrameCb
                0x00000000002162c8                radio_reset
                0x0000000000216314                radio_setFrequency
                0x0000000000216360                radio_rfOn
                0x000000000021636c                radio_rfOff
                0x0000000000216394                radio_loadPacket
                0x000000000021640c                radio_txEnable
                0x000000000021642c                radio_txNow
                0x000000000021647c                radio_rxEnable
                0x000000000021649c                radio_rxNow
                0x00000000002164d0                radio_getReceivedFrame
                0x000000000021659c                enable_radio_interrupts
                0x00000000002165c8                disable_radio_interrupts
                0x00000000002165e8                radio_on
                0x0000000000216600                radio_off
                0x0000000000216640                radio_isr
                0x0000000000216650                radio_isr_internal
                0x0000000000216740                radio_error_isr
 .text          0x0000000000216774       0xf0 build/openmote-cc2538_armgcc/bsp/boards/libbsp.a(sctimer.o)
                0x0000000000216774                sctimer_init
                0x000000000021679c                sctimer_set_callback
                0x00000000002167b8                sctimer_setCompare
                0x0000000000216808                sctimer_readCounter
                0x0000000000216818                sctimer_enable
                0x0000000000216828                sctimer_disable
                0x0000000000216838                sctimer_isr_internal
 .text          0x0000000000216864      0x17c build/openmote-cc2538_armgcc/bsp/boards/libbsp.a(sensors.o)
                0x0000000000216864                sensors_init
                0x00000000002168d4                sensors_is_present
                0x00000000002168fc                sensors_getCallbackRead
                0x0000000000216974                sensors_getCallbackConvert
 .text          0x00000000002169e0       0x88 build/openmote-cc2538_armgcc/bsp/boards/libbsp.a(startup_gcc.o)
                0x00000000002169e0                NmiSR
                0x00000000002169ec                FaultISR
                0x00000000002169f4                IntDefaultHandler
                0x00000000002169fc                ResetISR
 .text          0x0000000000216a68      0x1dc build/openmote-cc2538_armgcc/bsp/boards/libbsp.a(uart.o)
                0x0000000000216a68                uart_init
                0x0000000000216b00                uart_setCallbacks
                0x0000000000216b24                uart_enableInterrupts
                0x0000000000216b38                uart_disableInterrupts
                0x0000000000216b4c                uart_clearRxInterrupts
                0x0000000000216b60                uart_clearTxInterrupts
                0x0000000000216b74                uart_writeByte
                0x0000000000216b94                uart_readByte
                0x0000000000216c04                uart_tx_isr
                0x0000000000216c24                uart_rx_isr
 .text          0x0000000000216c44      0x364 build/openmote-cc2538_armgcc/bsp/boards/libbsp.a(aes.o)
                0x0000000000216c44                AESLoadKey
                0x0000000000216dc4                AESECBStart
                0x0000000000216ecc                AESECBCheckResult
                0x0000000000216f14                AESECBGetResult
 .text          0x0000000000216fa8      0x718 build/openmote-cc2538_armgcc/bsp/boards/libbsp.a(ccm.o)
                0x0000000000216fa8                CCMAuthEncryptStart
                0x00000000002171d0                CCMAuthEncryptCheckResult
                0x0000000000217218                CCMAuthEncryptGetResult
                0x000000000021732c                CCMInvAuthDecryptStart
                0x0000000000217548                CCMInvAuthDecryptCheckResult
                0x0000000000217558                CCMInvAuthDecryptGetResult
 .text          0x00000000002176c0      0x218 build/openmote-cc2538_armgcc/bsp/boards/libbsp.a(flash.o)
                0x00000000002176c0                FlashMainPageErase
                0x00000000002176f0                FlashUpperPageErase
                0x000000000021772c                FlashMainPageProgram
                0x0000000000217760                FlashUpperPageProgram
                0x00000000002177a4                FlashGet
                0x00000000002177bc                FlashCacheModeGet
                0x00000000002177d4                FlashCacheModeSet
                0x0000000000217818                FlashSizeGet
                0x000000000021788c                FlashSramSizeGet
 .text          0x00000000002178d8      0x830 build/openmote-cc2538_armgcc/bsp/boards/libbsp.a(gpio.o)
                0x00000000002178d8                GPIOGetIntNumber
                0x000000000021793c                GPIODirModeSet
                0x00000000002179b4                GPIODirModeGet
                0x0000000000217a0c                GPIOIntTypeSet
                0x0000000000217ab4                GPIOIntTypeGet
                0x0000000000217b2c                GPIOPinIntEnable
                0x0000000000217b58                GPIOPinIntDisable
                0x0000000000217b88                GPIOPinIntStatus
                0x0000000000217bb8                GPIOPinIntClear
                0x0000000000217bdc                GPIOPortIntRegister
                0x0000000000217c04                GPIOPortIntUnregister
                0x0000000000217c28                GPIOPinRead
                0x0000000000217c4c                GPIOPinWrite
                0x0000000000217c78                GPIOPinTypeGPIOInput
                0x0000000000217ca4                GPIOPinTypeGPIOOutput
                0x0000000000217cd0                GPIOPinTypeI2C
                0x0000000000217cfc                GPIOPinTypeSSI
                0x0000000000217d28                GPIOPinTypeTimer
                0x0000000000217d54                GPIOPinTypeUARTInput
                0x0000000000217d80                GPIOPinTypeUARTOutput
                0x0000000000217dac                GPIOPowIntTypeSet
                0x0000000000217e48                GPIOPowIntTypeGet
                0x0000000000217ec8                GPIOPowIntEnable
                0x0000000000217f44                GPIOPowIntDisable
                0x0000000000217fc0                GPIOPowIntStatus
                0x0000000000218044                GPIOPowIntClear
                0x00000000002180c0                GPIOIntWakeupEnable
                0x00000000002180e4                GPIOIntWakeupDisable
 .text          0x0000000000218108      0x5b4 build/openmote-cc2538_armgcc/bsp/boards/libbsp.a(gptimer.o)
                0x0000000000218108                TimerEnable
                0x0000000000218134                TimerDisable
                0x0000000000218164                TimerConfigure
                0x00000000002181b8                TimerControlLevel
                0x0000000000218200                TimerControlTrigger
                0x0000000000218248                TimerControlEvent
                0x0000000000218284                TimerControlStall
                0x00000000002182cc                TimerControlWaitOnTrigger
                0x0000000000218350                TimerPrescaleSet
                0x000000000021838c                TimerPrescaleGet
                0x00000000002183b4                TimerPrescaleMatchSet
                0x00000000002183f0                TimerPrescaleMatchGet
                0x0000000000218418                TimerLoadSet
                0x0000000000218454                TimerLoadGet
                0x000000000021847c                TimerValueGet
                0x00000000002184a4                TimerMatchSet
                0x00000000002184e0                TimerMatchGet
                0x0000000000218508                TimerIntRegister
                0x0000000000218588                TimerIntUnregister
                0x0000000000218600                TimerIntEnable
                0x0000000000218628                TimerIntDisable
                0x0000000000218650                TimerIntStatus
                0x000000000021867c                TimerIntClear
                0x000000000021869c                TimerSynchronize
 .text          0x00000000002186bc      0x434 build/openmote-cc2538_armgcc/bsp/boards/libbsp.a(i2c_lib.o)
                0x00000000002186bc                I2CMasterInitExpClk
                0x000000000021871c                I2CSlaveInit
                0x000000000021873c                I2CMasterEnable
                0x0000000000218758                I2CSlaveEnable
                0x0000000000218780                I2CMasterDisable
                0x000000000021879c                I2CSlaveDisable
                0x00000000002187c4                I2CIntRegister
                0x00000000002187e4                I2CIntUnregister
                0x00000000002187f8                I2CMasterIntEnable
                0x0000000000218810                I2CSlaveIntEnable
                0x000000000021882c                I2CSlaveIntEnableEx
                0x0000000000218850                I2CMasterIntDisable
                0x0000000000218868                I2CSlaveIntDisable
                0x0000000000218884                I2CSlaveIntDisableEx
                0x00000000002188a8                I2CMasterIntStatus
                0x00000000002188e8                I2CSlaveIntStatus
                0x0000000000218928                I2CSlaveIntStatusEx
                0x0000000000218954                I2CMasterIntClear
                0x0000000000218974                I2CSlaveIntClear
                0x000000000021898c                I2CSlaveIntClearEx
                0x00000000002189a8                I2CMasterSlaveAddrSet
                0x00000000002189d4                I2CMasterBusy
                0x00000000002189f8                I2CMasterBusBusy
                0x0000000000218a1c                I2CMasterControl
                0x0000000000218a38                I2CMasterErr
                0x0000000000218a74                I2CMasterDataPut
                0x0000000000218a94                I2CMasterDataGet
                0x0000000000218aa8                I2CSlaveStatus
                0x0000000000218abc                I2CSlaveDataPut
                0x0000000000218adc                I2CSlaveDataGet
 .text          0x0000000000218af0      0x460 build/openmote-cc2538_armgcc/bsp/boards/libbsp.a(interrupt.o)
                0x0000000000218af8                IntMasterEnable
                0x0000000000218b10                IntMasterDisable
                0x0000000000218b28                IntRegister
                0x0000000000218b8c                IntUnregister
                0x0000000000218bb0                IntPriorityGroupingSet
                0x0000000000218be0                IntPriorityGroupingGet
                0x0000000000218c28                IntPrioritySet
                0x0000000000218c90                IntPriorityGet
                0x0000000000218cc0                IntEnable
                0x0000000000218d54                IntDisable
                0x0000000000218de8                IntPendSet
                0x0000000000218e64                IntPendClear
                0x0000000000218ecc                IntPriorityMaskSet
                0x0000000000218ee4                IntPriorityMaskGet
                0x0000000000218ef4                IntAltMapEnable
                0x0000000000218f10                IntAltMapDisable
                0x0000000000218f2c                IntAltMapIsEnabled
 .text          0x0000000000218f50      0x578 build/openmote-cc2538_armgcc/bsp/boards/libbsp.a(ioc.o)
                0x0000000000218f50                IOCPinConfigPeriphOutput
                0x0000000000219018                IOCPinConfigPeriphInput
                0x00000000002191cc                IOCPadConfigSet
                0x0000000000219298                IOCPadConfigGet
 .text          0x00000000002194c8      0x1ac build/openmote-cc2538_armgcc/bsp/boards/libbsp.a(sleepmode.o)
                0x00000000002194c8                SleepModeIntRegister
                0x00000000002194e8                SleepModeIntUnregister
                0x00000000002194fc                SleepModeTimerCountGet
                0x0000000000219548                SleepModeCaptureConfig
                0x0000000000219580                SleepModeTimerCompareSet
                0x00000000002195d8                SleepModeCaptureGet
                0x0000000000219624                SleepModeCaptureIsValid
                0x000000000021964c                SleepModeCaptureNew
 .text          0x0000000000219674      0x664 build/openmote-cc2538_armgcc/bsp/boards/libbsp.a(sys_ctrl.o)
                0x0000000000219674                SysCtrlClockSet
                0x0000000000219730                SysCtrlClockGet
                0x00000000002197d4                SysCtrlIOClockSet
                0x0000000000219808                SysCtrlIOClockGet
                0x00000000002198b0                SysCtrlDelay
                0x00000000002198bc                SysCtrlReset
                0x00000000002198cc                SysCtrlSleep
                0x00000000002198d8                SysCtrlDeepSleep
                0x00000000002199b8                SysCtrlPeripheralPresent
                0x0000000000219a34                SysCtrlPeripheralReset
                0x0000000000219ac0                SysCtrlPeripheralEnable
                0x0000000000219b08                SysCtrlPeripheralDisable
                0x0000000000219b50                SysCtrlPeripheralSleepEnable
                0x0000000000219b98                SysCtrlPeripheralSleepDisable
                0x0000000000219be0                SysCtrlPeripheralDeepSleepEnable
                0x0000000000219c28                SysCtrlPeripheralDeepSleepDisable
                0x0000000000219c70                SysCtrlPowerModeSet
                0x0000000000219c8c                SysCtrlPowerModeGet
                0x0000000000219cb0                SysCtrlClockLossDetectEnable
 .text          0x0000000000219cd8      0x714 build/openmote-cc2538_armgcc/bsp/boards/libbsp.a(uarthal.o)
                0x0000000000219cd8                UARTParityModeSet
                0x0000000000219d04                UARTParityModeGet
                0x0000000000219d20                UARTFIFOLevelSet
                0x0000000000219d44                UARTFIFOLevelGet
                0x0000000000219d78                UARTConfigSetExpClk
                0x0000000000219e08                UARTConfigGetExpClk
                0x0000000000219e6c                UARTEnable
                0x0000000000219ea8                UARTDisable
                0x0000000000219ef4                UARTFIFOEnable
                0x0000000000219f18                UARTFIFODisable
                0x0000000000219f3c                UARTEnableSIR
                0x0000000000219f80                UARTDisableSIR
                0x0000000000219fa4                UARTTxIntModeSet
                0x0000000000219fd0                UARTTxIntModeGet
                0x0000000000219fec                UARTCharsAvail
                0x000000000021a014                UARTSpaceAvail
                0x000000000021a03c                UARTCharGetNonBlocking
                0x000000000021a068                UARTCharGet
                0x000000000021a090                UARTCharPutNonBlocking
                0x000000000021a0c0                UARTCharPut
                0x000000000021a0ec                UARTBreakCtl
                0x000000000021a128                UARTBusy
                0x000000000021a150                UARTIntRegister
                0x000000000021a184                UARTIntUnregister
                0x000000000021a1b4                UARTIntEnable
                0x000000000021a1dc                UARTIntDisable
                0x000000000021a204                UARTIntStatus
                0x000000000021a230                UARTIntClear
                0x000000000021a250                UARTDMAEnable
                0x000000000021a278                UARTDMADisable
                0x000000000021a2a0                UARTRxErrorGet
                0x000000000021a2bc                UARTRxErrorClear
                0x000000000021a2d8                UARTClockSourceSet
                0x000000000021a2f8                UARTClockSourceGet
                0x000000000021a314                UART9BitEnable
                0x000000000021a338                UART9BitDisable
                0x000000000021a35c                UART9BitAddrSet
                0x000000000021a38c                UART9BitAddrSend
 .text          0x000000000021a3ec      0x194 build/openmote-cc2538_armgcc/bsp/boards/libbsp.a(adxl346.o)
                0x000000000021a3ec                adxl346_init
                0x000000000021a438                adxl346_reset
                0x000000000021a444                adxl346_is_present
                0x000000000021a470                adxl346_read_x
                0x000000000021a4b8                adxl346_read_y
                0x000000000021a500                adxl346_read_z
                0x000000000021a548                adxl346_convert_acceleration
 .text          0x000000000021a580      0x1cc build/openmote-cc2538_armgcc/bsp/boards/libbsp.a(max44009.o)
                0x000000000021a580                max44009_init
                0x000000000021a5ec                max44009_reset
                0x000000000021a658                max44009_is_present
                0x000000000021a68c                max44009_read_light
                0x000000000021a6f0                max44009_convert_light
 *fill*         0x000000000021a74c        0x4 00000000
 .text          0x000000000021a750      0x244 build/openmote-cc2538_armgcc/bsp/boards/libbsp.a(sht21.o)
                0x000000000021a750                sht21_init
                0x000000000021a7a0                sht21_reset
                0x000000000021a7b0                sht21_is_present
                0x000000000021a7f4                sht21_read_temperature
                0x000000000021a830                sht21_convert_temperature
                0x000000000021a8a8                sht21_read_humidity
                0x000000000021a8e4                sht21_convert_humidity
 *fill*         0x000000000021a994        0x4 00000000
 .text          0x000000000021a998       0xe8 build/openmote-cc2538_armgcc/bsp/boards/libbsp.a(adc_sensor.o)
                0x000000000021a998                adc_sensor_init
                0x000000000021a9c8                adc_sens_read_temperature
                0x000000000021a9fc                adc_sens_convert_temperature
 .text          0x000000000021aa80       0xf4 build/openmote-cc2538_armgcc/bsp/boards/libbsp.a(adc.o)
                0x000000000021aa80                SOCADCIntRegister
                0x000000000021aaa0                SOCADCIntUnregister
                0x000000000021aab4                SOCADCSingleConfigure
                0x000000000021aaf0                SOCADCSingleStart
                0x000000000021ab1c                SOCADCDataGet
                0x000000000021ab50                SOCADCEndOfCOnversionGet
 .text          0x000000000021ab74       0x58 build/openmote-cc2538_armgcc/bsp/boards/libbsp.a(cpu.o)
                0x000000000021ab74                CPUcpsid
                0x000000000021ab84                CPUprimask
                0x000000000021ab90                CPUcpsie
                0x000000000021aba0                CPUwfi
                0x000000000021aba8                CPUwfe
                0x000000000021abb0                CPUsev
                0x000000000021abb8                CPUbasepriSet
                0x000000000021abc0                CPUbasepriGet
 .text          0x000000000021abcc      0x370 /usr/lib/gcc/arm-none-eabi/5.4.1/armv7-m/libgcc.a(_arm_addsubdf3.o)
                0x000000000021abcc                __aeabi_drsub
                0x000000000021abd4                __aeabi_dsub
                0x000000000021abd4                __subdf3
                0x000000000021abd8                __adddf3
                0x000000000021abd8                __aeabi_dadd
                0x000000000021ae50                __aeabi_ui2d
                0x000000000021ae50                __floatunsidf
                0x000000000021ae70                __floatsidf
                0x000000000021ae70                __aeabi_i2d
                0x000000000021ae94                __extendsfdf2
                0x000000000021ae94                __aeabi_f2d
                0x000000000021aed0                __aeabi_ul2d
                0x000000000021aed0                __floatundidf
                0x000000000021aee0                __floatdidf
                0x000000000021aee0                __aeabi_l2d
 .text          0x000000000021af3c      0x424 /usr/lib/gcc/arm-none-eabi/5.4.1/armv7-m/libgcc.a(_arm_muldivdf3.o)
                0x000000000021af3c                __aeabi_dmul
                0x000000000021af3c                __muldf3
                0x000000000021b190                __aeabi_ddiv
                0x000000000021b190                __divdf3
 .text          0x000000000021b360       0xa0 /usr/lib/gcc/arm-none-eabi/5.4.1/armv7-m/libgcc.a(_arm_truncdfsf2.o)
                0x000000000021b360                __aeabi_d2f
                0x000000000021b360                __truncdfsf2
 .text          0x000000000021b400      0x21c /usr/lib/gcc/arm-none-eabi/5.4.1/armv7-m/libgcc.a(_arm_addsubsf3.o)
                0x000000000021b400                __aeabi_frsub
                0x000000000021b408                __subsf3
                0x000000000021b408                __aeabi_fsub
                0x000000000021b40c                __aeabi_fadd
                0x000000000021b40c                __addsf3
                0x000000000021b56c                __aeabi_ui2f
                0x000000000021b56c                __floatunsisf
                0x000000000021b574                __aeabi_i2f
                0x000000000021b574                __floatsisf
                0x000000000021b590                __floatundisf
                0x000000000021b590                __aeabi_ul2f
                0x000000000021b5a0                __floatdisf
                0x000000000021b5a0                __aeabi_l2f
 .text          0x000000000021b61c      0x2a0 /usr/lib/gcc/arm-none-eabi/5.4.1/armv7-m/libgcc.a(_arm_muldivsf3.o)
                0x000000000021b61c                __mulsf3
                0x000000000021b61c                __aeabi_fmul
                0x000000000021b784                __divsf3
                0x000000000021b784                __aeabi_fdiv
 .text          0x000000000021b8bc       0x64 /usr/lib/gcc/arm-none-eabi/5.4.1/../../../arm-none-eabi/lib/armv7-m/libg.a(lib_a-memcmp.o)
                0x000000000021b8bc                memcmp
 .text          0x000000000021b920       0xec /usr/lib/gcc/arm-none-eabi/5.4.1/../../../arm-none-eabi/lib/armv7-m/libg.a(lib_a-memcpy.o)
                0x000000000021b920                memcpy
 .text          0x000000000021ba0c       0x9c /usr/lib/gcc/arm-none-eabi/5.4.1/../../../arm-none-eabi/lib/armv7-m/libg.a(lib_a-memset.o)
                0x000000000021ba0c                memset
 *(.rodata*)
 .rodata        0x000000000021baa8       0x2d build/openmote-cc2538_armgcc/projects/common/03oos_openwsn/03oos_openwsn.o
 *fill*         0x000000000021bad5        0x3 00000000
 .rodata        0x000000000021bad8       0x74 build/openmote-cc2538_armgcc/openstack/libopenstack.a(openstack.o)
 .rodata        0x000000000021bb4c       0xc4 build/openmote-cc2538_armgcc/openstack/libopenstack.a(IEEE802154E.o)
 .rodata        0x000000000021bc10       0x74 build/openmote-cc2538_armgcc/openstack/libopenstack.a(IEEE802154_security.o)
 .rodata        0x000000000021bc84       0x74 build/openmote-cc2538_armgcc/openstack/libopenstack.a(neighbors.o)
 .rodata        0x000000000021bcf8       0x74 build/openmote-cc2538_armgcc/openstack/libopenstack.a(msf.o)
 .rodata        0x000000000021bd6c       0x74 build/openmote-cc2538_armgcc/openstack/libopenstack.a(schedule.o)
 .rodata        0x000000000021bde0       0xc4 build/openmote-cc2538_armgcc/openstack/libopenstack.a(sixtop.o)
 .rodata        0x000000000021bea4       0x7d build/openmote-cc2538_armgcc/openstack/libopenstack.a(iphc.o)
 *fill*         0x000000000021bf21        0x3 00000000
 .rodata        0x000000000021bf24       0x38 build/openmote-cc2538_armgcc/openstack/libopenstack.a(openbridge.o)
 .rodata        0x000000000021bf5c       0x58 build/openmote-cc2538_armgcc/openstack/libopenstack.a(forwarding.o)
 .rodata        0x000000000021bfb4       0x40 build/openmote-cc2538_armgcc/openstack/libopenstack.a(icmpv6.o)
 .rodata        0x000000000021bff4       0x2d build/openmote-cc2538_armgcc/openstack/libopenstack.a(icmpv6echo.o)
 *fill*         0x000000000021c021        0x3 00000000
 .rodata        0x000000000021c024       0x84 build/openmote-cc2538_armgcc/openstack/libopenstack.a(icmpv6rpl.o)
 .rodata        0x000000000021c0a8       0x80 build/openmote-cc2538_armgcc/openstack/libopenstack.a(openudp.o)
 .rodata        0x000000000021c128       0x48 build/openmote-cc2538_armgcc/openstack/libopenstack.a(idmanager.o)
 .rodata        0x000000000021c170       0x5c build/openmote-cc2538_armgcc/openstack/libopenstack.a(openqueue.o)
 .rodata        0x000000000021c1cc       0x38 build/openmote-cc2538_armgcc/openstack/libopenstack.a(openrandom.o)
 .rodata        0x000000000021c204       0x38 build/openmote-cc2538_armgcc/openstack/libopenstack.a(packetfunctions.o)
 .rodata        0x000000000021c23c       0x64 build/openmote-cc2538_armgcc/openstack/libopenstack.a(IEEE802154.o)
 .rodata        0x000000000021c2a0       0x38 build/openmote-cc2538_armgcc/openstack/libopenstack.a(topology.o)
 .rodata        0x000000000021c2d8       0x80 build/openmote-cc2538_armgcc/openapps/libopenapps.a(openapps_dyn.o)
 .rodata        0x000000000021c358       0xac build/openmote-cc2538_armgcc/openapps/libopenapps.a(opencoap.o)
 .rodata        0x000000000021c404       0x8a build/openmote-cc2538_armgcc/openapps/libopenapps.a(cinfo.o)
                0x000000000021c48c                cinfo_path0
 *fill*         0x000000000021c48e        0x2 00000000
 .rodata        0x000000000021c490       0x99 build/openmote-cc2538_armgcc/openapps/libopenapps.a(cwellknown.o)
                0x000000000021c518                cwellknown_path0
                0x000000000021c524                cwellknown_path1
 *fill*         0x000000000021c529        0x3 00000000
 .rodata        0x000000000021c52c       0xc6 build/openmote-cc2538_armgcc/openapps/libopenapps.a(whisper.o)
                0x000000000021c5f0                whisper_path0
 *fill*         0x000000000021c5f2        0x2 00000000
 .rodata        0x000000000021c5f4       0xd6 build/openmote-cc2538_armgcc/openapps/libopenapps.a(whispersender.o)
                0x000000000021c6c8                whispersender_path0
 *fill*         0x000000000021c6ca        0x2 00000000
 .rodata        0x000000000021c6cc       0x8d build/openmote-cc2538_armgcc/openapps/libopenapps.a(openoscoap.o)
 *fill*         0x000000000021c759        0x3 00000000
 .rodata        0x000000000021c75c        0x1 build/openmote-cc2538_armgcc/openapps/libopenapps.a(hkdf.o)
 *fill*         0x000000000021c75d        0x3 00000000
 .rodata        0x000000000021c760       0x2d build/openmote-cc2538_armgcc/openapps/libopenapps.a(cborencoder.o)
 *fill*         0x000000000021c78d        0x3 00000000
 .rodata        0x000000000021c790        0x7 build/openmote-cc2538_armgcc/openapps/libopenapps.a(usha.o)
 *fill*         0x000000000021c797        0x1 00000000
 .rodata        0x000000000021c798      0x100 build/openmote-cc2538_armgcc/openapps/libopenapps.a(sha224-256.o)
 .rodata        0x000000000021c898       0x2d build/openmote-cc2538_armgcc/kernel/openos/libkernel.a(scheduler.o)
 *fill*         0x000000000021c8c5        0x3 00000000
 .rodata        0x000000000021c8c8      0x274 build/openmote-cc2538_armgcc/drivers/libdrivers.a(openserial.o)
 .rodata        0x000000000021cb3c       0x2d build/openmote-cc2538_armgcc/drivers/libdrivers.a(opentimers.o)
 *fill*         0x000000000021cb69        0x3 00000000
 .rodata        0x000000000021cb6c      0x230 build/openmote-cc2538_armgcc/drivers/libdrivers.a(openhdlc.o)
 .rodata        0x000000000021cd9c       0x2d build/openmote-cc2538_armgcc/bsp/boards/libbsp.a(board.o)
 *fill*         0x000000000021cdc9        0x3 00000000
 .rodata        0x000000000021cdcc       0x2d build/openmote-cc2538_armgcc/bsp/boards/libbsp.a(cryptoengine.o)
 *fill*         0x000000000021cdf9        0x3 00000000
 .rodata        0x000000000021cdfc       0x23 build/openmote-cc2538_armgcc/bsp/boards/libbsp.a(debugpins.o)
 *fill*         0x000000000021ce1f        0x1 00000000
 .rodata        0x000000000021ce20       0x23 build/openmote-cc2538_armgcc/bsp/boards/libbsp.a(leds.o)
 *fill*         0x000000000021ce43        0x1 00000000
 .rodata        0x000000000021ce44       0x23 build/openmote-cc2538_armgcc/bsp/boards/libbsp.a(radio.o)
 *fill*         0x000000000021ce67        0x1 00000000
 .rodata        0x000000000021ce68       0x23 build/openmote-cc2538_armgcc/bsp/boards/libbsp.a(sctimer.o)
 *fill*         0x000000000021ce8b        0x1 00000000
 .rodata        0x000000000021ce8c       0x23 build/openmote-cc2538_armgcc/bsp/boards/libbsp.a(sensors.o)
 *fill*         0x000000000021ceaf        0x1 00000000
 .rodata        0x000000000021ceb0       0x23 build/openmote-cc2538_armgcc/bsp/boards/libbsp.a(uart.o)
 *fill*         0x000000000021ced3        0x1 00000000
 .rodata        0x000000000021ced4      0x114 build/openmote-cc2538_armgcc/bsp/boards/libbsp.a(interrupt.o)
 .rodata        0x000000000021cfe8      0x100 build/openmote-cc2538_armgcc/bsp/boards/libbsp.a(ioc.o)
 .rodata        0x000000000021d0e8       0x74 build/openmote-cc2538_armgcc/bsp/boards/libbsp.a(sys_ctrl.o)
 .rodata        0x000000000021d15c       0x15 build/openmote-cc2538_armgcc/bsp/boards/libbsp.a(max44009.o)
 *fill*         0x000000000021d171        0x3 00000000
 .rodata        0x000000000021d174       0x23 build/openmote-cc2538_armgcc/bsp/boards/libbsp.a(adc_sensor.o)
                0x000000000021d197                _etext = .

.glue_7         0x000000000021d198        0x0
 .glue_7        0x000000000021d198        0x0 linker stubs

.glue_7t        0x000000000021d198        0x0
 .glue_7t       0x000000000021d198        0x0 linker stubs

.vfp11_veneer   0x000000000021d198        0x0
 .vfp11_veneer  0x000000000021d198        0x0 linker stubs

.v4_bx          0x000000000021d198        0x0
 .v4_bx         0x000000000021d198        0x0 linker stubs

.iplt           0x000000000021d198        0x0
 .iplt          0x000000000021d198        0x0 build/openmote-cc2538_armgcc/projects/common/03oos_openwsn/03oos_openwsn.o

.data           0x0000000020004000      0x2dc load address 0x000000000021d197
                0x0000000020004000                _data = .
 *(vtable)
 vtable         0x0000000020004000      0x28c build/openmote-cc2538_armgcc/bsp/boards/libbsp.a(interrupt.o)
 *(.data*)
 .data          0x000000002000428c        0x0 build/openmote-cc2538_armgcc/projects/common/03oos_openwsn/03oos_openwsn.o
 .data          0x000000002000428c        0x0 build/openmote-cc2538_armgcc/openstack/libopenstack.a(openstack.o)
 .data          0x000000002000428c        0x0 build/openmote-cc2538_armgcc/openstack/libopenstack.a(IEEE802154E.o)
 .data          0x000000002000428c        0x0 build/openmote-cc2538_armgcc/openstack/libopenstack.a(IEEE802154_security.o)
 .data          0x000000002000428c        0x0 build/openmote-cc2538_armgcc/openstack/libopenstack.a(neighbors.o)
 .data          0x000000002000428c        0x0 build/openmote-cc2538_armgcc/openstack/libopenstack.a(msf.o)
 .data          0x000000002000428c        0x0 build/openmote-cc2538_armgcc/openstack/libopenstack.a(schedule.o)
 .data          0x000000002000428c        0x0 build/openmote-cc2538_armgcc/openstack/libopenstack.a(sixtop.o)
 .data          0x000000002000428c        0x0 build/openmote-cc2538_armgcc/openstack/libopenstack.a(iphc.o)
 .data          0x000000002000428c        0x0 build/openmote-cc2538_armgcc/openstack/libopenstack.a(openbridge.o)
 .data          0x000000002000428c        0x0 build/openmote-cc2538_armgcc/openstack/libopenstack.a(forwarding.o)
 .data          0x000000002000428c        0x0 build/openmote-cc2538_armgcc/openstack/libopenstack.a(icmpv6.o)
 .data          0x000000002000428c        0x0 build/openmote-cc2538_armgcc/openstack/libopenstack.a(icmpv6echo.o)
 .data          0x000000002000428c        0x0 build/openmote-cc2538_armgcc/openstack/libopenstack.a(icmpv6rpl.o)
 .data          0x000000002000428c        0x0 build/openmote-cc2538_armgcc/openstack/libopenstack.a(openudp.o)
 .data          0x000000002000428c        0x0 build/openmote-cc2538_armgcc/openstack/libopenstack.a(idmanager.o)
 .data          0x000000002000428c        0x0 build/openmote-cc2538_armgcc/openstack/libopenstack.a(openqueue.o)
 .data          0x000000002000428c        0x0 build/openmote-cc2538_armgcc/openstack/libopenstack.a(openrandom.o)
 .data          0x000000002000428c        0x0 build/openmote-cc2538_armgcc/openstack/libopenstack.a(packetfunctions.o)
 .data          0x000000002000428c        0x0 build/openmote-cc2538_armgcc/openstack/libopenstack.a(IEEE802154.o)
 .data          0x000000002000428c        0x0 build/openmote-cc2538_armgcc/openstack/libopenstack.a(topology.o)
 .data          0x000000002000428c        0x0 build/openmote-cc2538_armgcc/openapps/libopenapps.a(openapps_dyn.o)
 .data          0x000000002000428c        0x0 build/openmote-cc2538_armgcc/openapps/libopenapps.a(opencoap.o)
 .data          0x000000002000428c        0x0 build/openmote-cc2538_armgcc/openapps/libopenapps.a(cinfo.o)
 .data          0x000000002000428c        0x0 build/openmote-cc2538_armgcc/openapps/libopenapps.a(cwellknown.o)
 .data          0x000000002000428c        0x0 build/openmote-cc2538_armgcc/openapps/libopenapps.a(whisper.o)
 .data          0x000000002000428c        0x0 build/openmote-cc2538_armgcc/openapps/libopenapps.a(whispersender.o)
 .data          0x000000002000428c        0x0 build/openmote-cc2538_armgcc/openapps/libopenapps.a(openoscoap.o)
 .data          0x000000002000428c        0x0 build/openmote-cc2538_armgcc/openapps/libopenapps.a(hkdf.o)
 .data          0x000000002000428c        0x0 build/openmote-cc2538_armgcc/openapps/libopenapps.a(hmac.o)
 .data          0x000000002000428c        0x0 build/openmote-cc2538_armgcc/openapps/libopenapps.a(cborencoder.o)
 .data          0x000000002000428c        0x0 build/openmote-cc2538_armgcc/openapps/libopenapps.a(usha.o)
 .data          0x000000002000428c       0x50 build/openmote-cc2538_armgcc/openapps/libopenapps.a(sha224-256.o)
 .data          0x00000000200042dc        0x0 build/openmote-cc2538_armgcc/kernel/openos/libkernel.a(scheduler.o)
 .data          0x00000000200042dc        0x0 build/openmote-cc2538_armgcc/drivers/libdrivers.a(openserial.o)
 .data          0x00000000200042dc        0x0 build/openmote-cc2538_armgcc/drivers/libdrivers.a(opentimers.o)
 .data          0x00000000200042dc        0x0 build/openmote-cc2538_armgcc/drivers/libdrivers.a(openhdlc.o)
 .data          0x00000000200042dc        0x0 build/openmote-cc2538_armgcc/bsp/boards/libbsp.a(board.o)
 .data          0x00000000200042dc        0x0 build/openmote-cc2538_armgcc/bsp/boards/libbsp.a(cryptoengine.o)
 .data          0x00000000200042dc        0x0 build/openmote-cc2538_armgcc/bsp/boards/libbsp.a(debugpins.o)
 .data          0x00000000200042dc        0x0 build/openmote-cc2538_armgcc/bsp/boards/libbsp.a(eui64.o)
 .data          0x00000000200042dc        0x0 build/openmote-cc2538_armgcc/bsp/boards/libbsp.a(i2c.o)
 .data          0x00000000200042dc        0x0 build/openmote-cc2538_armgcc/bsp/boards/libbsp.a(leds.o)
 .data          0x00000000200042dc        0x0 build/openmote-cc2538_armgcc/bsp/boards/libbsp.a(radio.o)
 .data          0x00000000200042dc        0x0 build/openmote-cc2538_armgcc/bsp/boards/libbsp.a(sctimer.o)
 .data          0x00000000200042dc        0x0 build/openmote-cc2538_armgcc/bsp/boards/libbsp.a(sensors.o)
 .data          0x00000000200042dc        0x0 build/openmote-cc2538_armgcc/bsp/boards/libbsp.a(startup_gcc.o)
 .data          0x00000000200042dc        0x0 build/openmote-cc2538_armgcc/bsp/boards/libbsp.a(uart.o)
 .data          0x00000000200042dc        0x0 build/openmote-cc2538_armgcc/bsp/boards/libbsp.a(aes.o)
 .data          0x00000000200042dc        0x0 build/openmote-cc2538_armgcc/bsp/boards/libbsp.a(ccm.o)
 .data          0x00000000200042dc        0x0 build/openmote-cc2538_armgcc/bsp/boards/libbsp.a(flash.o)
 .data          0x00000000200042dc        0x0 build/openmote-cc2538_armgcc/bsp/boards/libbsp.a(gpio.o)
 .data          0x00000000200042dc        0x0 build/openmote-cc2538_armgcc/bsp/boards/libbsp.a(gptimer.o)
 .data          0x00000000200042dc        0x0 build/openmote-cc2538_armgcc/bsp/boards/libbsp.a(i2c_lib.o)
 .data          0x00000000200042dc        0x0 build/openmote-cc2538_armgcc/bsp/boards/libbsp.a(interrupt.o)
 .data          0x00000000200042dc        0x0 build/openmote-cc2538_armgcc/bsp/boards/libbsp.a(ioc.o)
 .data          0x00000000200042dc        0x0 build/openmote-cc2538_armgcc/bsp/boards/libbsp.a(sleepmode.o)
 .data          0x00000000200042dc        0x0 build/openmote-cc2538_armgcc/bsp/boards/libbsp.a(sys_ctrl.o)
 .data          0x00000000200042dc        0x0 build/openmote-cc2538_armgcc/bsp/boards/libbsp.a(uarthal.o)
 .data          0x00000000200042dc        0x0 build/openmote-cc2538_armgcc/bsp/boards/libbsp.a(adxl346.o)
 .data          0x00000000200042dc        0x0 build/openmote-cc2538_armgcc/bsp/boards/libbsp.a(max44009.o)
 .data          0x00000000200042dc        0x0 build/openmote-cc2538_armgcc/bsp/boards/libbsp.a(sht21.o)
 .data          0x00000000200042dc        0x0 build/openmote-cc2538_armgcc/bsp/boards/libbsp.a(adc_sensor.o)
 .data          0x00000000200042dc        0x0 build/openmote-cc2538_armgcc/bsp/boards/libbsp.a(adc.o)
 .data          0x00000000200042dc        0x0 build/openmote-cc2538_armgcc/bsp/boards/libbsp.a(cpu.o)
 .data          0x00000000200042dc        0x0 /usr/lib/gcc/arm-none-eabi/5.4.1/armv7-m/libgcc.a(_arm_addsubdf3.o)
 .data          0x00000000200042dc        0x0 /usr/lib/gcc/arm-none-eabi/5.4.1/armv7-m/libgcc.a(_arm_muldivdf3.o)
 .data          0x00000000200042dc        0x0 /usr/lib/gcc/arm-none-eabi/5.4.1/armv7-m/libgcc.a(_arm_truncdfsf2.o)
 .data          0x00000000200042dc        0x0 /usr/lib/gcc/arm-none-eabi/5.4.1/armv7-m/libgcc.a(_arm_addsubsf3.o)
 .data          0x00000000200042dc        0x0 /usr/lib/gcc/arm-none-eabi/5.4.1/armv7-m/libgcc.a(_arm_muldivsf3.o)
 .data          0x00000000200042dc        0x0 /usr/lib/gcc/arm-none-eabi/5.4.1/../../../arm-none-eabi/lib/armv7-m/libg.a(lib_a-memcmp.o)
 .data          0x00000000200042dc        0x0 /usr/lib/gcc/arm-none-eabi/5.4.1/../../../arm-none-eabi/lib/armv7-m/libg.a(lib_a-memcpy.o)
 .data          0x00000000200042dc        0x0 /usr/lib/gcc/arm-none-eabi/5.4.1/../../../arm-none-eabi/lib/armv7-m/libg.a(lib_a-memset.o)
                0x00000000200042dc                _edata = .

.igot.plt       0x00000000200042dc        0x0 load address 0x000000000021d474
 .igot.plt      0x00000000200042dc        0x0 build/openmote-cc2538_armgcc/projects/common/03oos_openwsn/03oos_openwsn.o

.ARM.exidx
 *(.ARM.exidx*)

.bss            0x00000000200042dc     0x2894 load address 0x000000000021d474
                0x00000000200042dc                _bss = .
 *(.bss*)
 .bss           0x00000000200042dc        0x0 build/openmote-cc2538_armgcc/projects/common/03oos_openwsn/03oos_openwsn.o
 .bss           0x00000000200042dc        0x0 build/openmote-cc2538_armgcc/openstack/libopenstack.a(openstack.o)
 .bss           0x00000000200042dc        0x0 build/openmote-cc2538_armgcc/openstack/libopenstack.a(IEEE802154E.o)
 .bss           0x00000000200042dc        0x0 build/openmote-cc2538_armgcc/openstack/libopenstack.a(IEEE802154_security.o)
 .bss           0x00000000200042dc      0x4b4 build/openmote-cc2538_armgcc/openstack/libopenstack.a(neighbors.o)
 .bss           0x0000000020004790        0x0 build/openmote-cc2538_armgcc/openstack/libopenstack.a(msf.o)
 .bss           0x0000000020004790        0x0 build/openmote-cc2538_armgcc/openstack/libopenstack.a(schedule.o)
 .bss           0x0000000020004790        0x0 build/openmote-cc2538_armgcc/openstack/libopenstack.a(sixtop.o)
 .bss           0x0000000020004790        0x4 build/openmote-cc2538_armgcc/openstack/libopenstack.a(iphc.o)
 .bss           0x0000000020004794        0x0 build/openmote-cc2538_armgcc/openstack/libopenstack.a(openbridge.o)
 .bss           0x0000000020004794        0x0 build/openmote-cc2538_armgcc/openstack/libopenstack.a(forwarding.o)
 .bss           0x0000000020004794        0x0 build/openmote-cc2538_armgcc/openstack/libopenstack.a(icmpv6.o)
 .bss           0x0000000020004794        0x0 build/openmote-cc2538_armgcc/openstack/libopenstack.a(icmpv6echo.o)
 .bss           0x0000000020004794        0x0 build/openmote-cc2538_armgcc/openstack/libopenstack.a(icmpv6rpl.o)
 .bss           0x0000000020004794        0x0 build/openmote-cc2538_armgcc/openstack/libopenstack.a(openudp.o)
 .bss           0x0000000020004794        0x0 build/openmote-cc2538_armgcc/openstack/libopenstack.a(idmanager.o)
 .bss           0x0000000020004794        0x0 build/openmote-cc2538_armgcc/openstack/libopenstack.a(openqueue.o)
 .bss           0x0000000020004794        0x0 build/openmote-cc2538_armgcc/openstack/libopenstack.a(openrandom.o)
 .bss           0x0000000020004794        0x0 build/openmote-cc2538_armgcc/openstack/libopenstack.a(packetfunctions.o)
 .bss           0x0000000020004794        0x0 build/openmote-cc2538_armgcc/openstack/libopenstack.a(IEEE802154.o)
 .bss           0x0000000020004794        0x0 build/openmote-cc2538_armgcc/openstack/libopenstack.a(topology.o)
 .bss           0x0000000020004794        0x0 build/openmote-cc2538_armgcc/openapps/libopenapps.a(openapps_dyn.o)
 .bss           0x0000000020004794        0x0 build/openmote-cc2538_armgcc/openapps/libopenapps.a(opencoap.o)
 .bss           0x0000000020004794        0x0 build/openmote-cc2538_armgcc/openapps/libopenapps.a(cinfo.o)
 .bss           0x0000000020004794        0x0 build/openmote-cc2538_armgcc/openapps/libopenapps.a(cwellknown.o)
 .bss           0x0000000020004794        0x0 build/openmote-cc2538_armgcc/openapps/libopenapps.a(whisper.o)
 .bss           0x0000000020004794        0x0 build/openmote-cc2538_armgcc/openapps/libopenapps.a(whispersender.o)
 .bss           0x0000000020004794        0x0 build/openmote-cc2538_armgcc/openapps/libopenapps.a(openoscoap.o)
 .bss           0x0000000020004794        0x0 build/openmote-cc2538_armgcc/openapps/libopenapps.a(hkdf.o)
 .bss           0x0000000020004794        0x0 build/openmote-cc2538_armgcc/openapps/libopenapps.a(hmac.o)
 .bss           0x0000000020004794        0x0 build/openmote-cc2538_armgcc/openapps/libopenapps.a(cborencoder.o)
 .bss           0x0000000020004794        0x0 build/openmote-cc2538_armgcc/openapps/libopenapps.a(usha.o)
 .bss           0x0000000020004794        0x4 build/openmote-cc2538_armgcc/openapps/libopenapps.a(sha224-256.o)
 .bss           0x0000000020004798        0x0 build/openmote-cc2538_armgcc/kernel/openos/libkernel.a(scheduler.o)
 .bss           0x0000000020004798        0x0 build/openmote-cc2538_armgcc/drivers/libdrivers.a(openserial.o)
 .bss           0x0000000020004798        0x0 build/openmote-cc2538_armgcc/drivers/libdrivers.a(opentimers.o)
 .bss           0x0000000020004798        0x0 build/openmote-cc2538_armgcc/drivers/libdrivers.a(openhdlc.o)
 .bss           0x0000000020004798        0x0 build/openmote-cc2538_armgcc/bsp/boards/libbsp.a(board.o)
 .bss           0x0000000020004798       0x10 build/openmote-cc2538_armgcc/bsp/boards/libbsp.a(cryptoengine.o)
 .bss           0x00000000200047a8        0x0 build/openmote-cc2538_armgcc/bsp/boards/libbsp.a(debugpins.o)
 .bss           0x00000000200047a8        0x0 build/openmote-cc2538_armgcc/bsp/boards/libbsp.a(eui64.o)
 .bss           0x00000000200047a8        0x0 build/openmote-cc2538_armgcc/bsp/boards/libbsp.a(i2c.o)
 .bss           0x00000000200047a8        0x0 build/openmote-cc2538_armgcc/bsp/boards/libbsp.a(leds.o)
 .bss           0x00000000200047a8        0x0 build/openmote-cc2538_armgcc/bsp/boards/libbsp.a(radio.o)
 .bss           0x00000000200047a8        0x0 build/openmote-cc2538_armgcc/bsp/boards/libbsp.a(sctimer.o)
 .bss           0x00000000200047a8        0x0 build/openmote-cc2538_armgcc/bsp/boards/libbsp.a(sensors.o)
 .bss           0x00000000200047a8      0x800 build/openmote-cc2538_armgcc/bsp/boards/libbsp.a(startup_gcc.o)
 .bss           0x0000000020004fa8        0x0 build/openmote-cc2538_armgcc/bsp/boards/libbsp.a(uart.o)
 .bss           0x0000000020004fa8       0x14 build/openmote-cc2538_armgcc/bsp/boards/libbsp.a(aes.o)
                0x0000000020004fa8                g_ui8CurrentAESOp
 .bss           0x0000000020004fbc        0x0 build/openmote-cc2538_armgcc/bsp/boards/libbsp.a(ccm.o)
 .bss           0x0000000020004fbc        0x0 build/openmote-cc2538_armgcc/bsp/boards/libbsp.a(flash.o)
 .bss           0x0000000020004fbc        0x0 build/openmote-cc2538_armgcc/bsp/boards/libbsp.a(gpio.o)
 .bss           0x0000000020004fbc        0x0 build/openmote-cc2538_armgcc/bsp/boards/libbsp.a(gptimer.o)
 .bss           0x0000000020004fbc        0x0 build/openmote-cc2538_armgcc/bsp/boards/libbsp.a(i2c_lib.o)
 .bss           0x0000000020004fbc        0x0 build/openmote-cc2538_armgcc/bsp/boards/libbsp.a(interrupt.o)
 .bss           0x0000000020004fbc        0x0 build/openmote-cc2538_armgcc/bsp/boards/libbsp.a(ioc.o)
 .bss           0x0000000020004fbc        0x0 build/openmote-cc2538_armgcc/bsp/boards/libbsp.a(sleepmode.o)
 .bss           0x0000000020004fbc        0x0 build/openmote-cc2538_armgcc/bsp/boards/libbsp.a(sys_ctrl.o)
 .bss           0x0000000020004fbc        0x0 build/openmote-cc2538_armgcc/bsp/boards/libbsp.a(uarthal.o)
 .bss           0x0000000020004fbc        0x0 build/openmote-cc2538_armgcc/bsp/boards/libbsp.a(adxl346.o)
 .bss           0x0000000020004fbc        0x0 build/openmote-cc2538_armgcc/bsp/boards/libbsp.a(max44009.o)
 .bss           0x0000000020004fbc        0x1 build/openmote-cc2538_armgcc/bsp/boards/libbsp.a(sht21.o)
 .bss           0x0000000020004fbd        0x0 build/openmote-cc2538_armgcc/bsp/boards/libbsp.a(adc_sensor.o)
 .bss           0x0000000020004fbd        0x0 build/openmote-cc2538_armgcc/bsp/boards/libbsp.a(adc.o)
 .bss           0x0000000020004fbd        0x0 build/openmote-cc2538_armgcc/bsp/boards/libbsp.a(cpu.o)
 .bss           0x0000000020004fbd        0x0 /usr/lib/gcc/arm-none-eabi/5.4.1/armv7-m/libgcc.a(_arm_addsubdf3.o)
 .bss           0x0000000020004fbd        0x0 /usr/lib/gcc/arm-none-eabi/5.4.1/armv7-m/libgcc.a(_arm_muldivdf3.o)
 .bss           0x0000000020004fbd        0x0 /usr/lib/gcc/arm-none-eabi/5.4.1/armv7-m/libgcc.a(_arm_truncdfsf2.o)
 .bss           0x0000000020004fbd        0x0 /usr/lib/gcc/arm-none-eabi/5.4.1/armv7-m/libgcc.a(_arm_addsubsf3.o)
 .bss           0x0000000020004fbd        0x0 /usr/lib/gcc/arm-none-eabi/5.4.1/armv7-m/libgcc.a(_arm_muldivsf3.o)
 .bss           0x0000000020004fbd        0x0 /usr/lib/gcc/arm-none-eabi/5.4.1/../../../arm-none-eabi/lib/armv7-m/libg.a(lib_a-memcmp.o)
 .bss           0x0000000020004fbd        0x0 /usr/lib/gcc/arm-none-eabi/5.4.1/../../../arm-none-eabi/lib/armv7-m/libg.a(lib_a-memcpy.o)
 .bss           0x0000000020004fbd        0x0 /usr/lib/gcc/arm-none-eabi/5.4.1/../../../arm-none-eabi/lib/armv7-m/libg.a(lib_a-memset.o)
 *(COMMON)
 *fill*         0x0000000020004fbd        0x3 
 COMMON         0x0000000020004fc0      0x1c8 build/openmote-cc2538_armgcc/openstack/libopenstack.a(IEEE802154E.o)
                0x0000000020004fc0                ieee154e_vars
                0x0000000020005168                ieee154e_stats
                0x0000000020005178                ieee154e_dbg
 COMMON         0x0000000020005188       0x24 build/openmote-cc2538_armgcc/openstack/libopenstack.a(IEEE802154_security.o)
                0x0000000020005188                ieee802154_security_vars
 COMMON         0x00000000200051ac        0x8 build/openmote-cc2538_armgcc/openstack/libopenstack.a(msf.o)
                0x00000000200051ac                msf_vars
 COMMON         0x00000000200051b4      0x34c build/openmote-cc2538_armgcc/openstack/libopenstack.a(schedule.o)
                0x00000000200051b4                schedule_vars
 COMMON         0x0000000020005500       0x50 build/openmote-cc2538_armgcc/openstack/libopenstack.a(sixtop.o)
                0x0000000020005500                sixtop_vars
 COMMON         0x0000000020005550       0x16 build/openmote-cc2538_armgcc/openstack/libopenstack.a(icmpv6echo.o)
                0x0000000020005550                icmpv6echo_vars
 *fill*         0x0000000020005566        0x2 
 COMMON         0x0000000020005568       0x9c build/openmote-cc2538_armgcc/openstack/libopenstack.a(icmpv6rpl.o)
                0x0000000020005568                icmpv6rpl_vars
 COMMON         0x0000000020005604        0x4 build/openmote-cc2538_armgcc/openstack/libopenstack.a(openudp.o)
                0x0000000020005604                openudp_vars
 COMMON         0x0000000020005608       0x5b build/openmote-cc2538_armgcc/openstack/libopenstack.a(idmanager.o)
                0x0000000020005608                idmanager_vars
 *fill*         0x0000000020005663        0x1 
 COMMON         0x0000000020005664      0xca8 build/openmote-cc2538_armgcc/openstack/libopenstack.a(openqueue.o)
                0x0000000020005664                openqueue_vars
 COMMON         0x000000002000630c        0x2 build/openmote-cc2538_armgcc/openstack/libopenstack.a(openrandom.o)
                0x000000002000630c                random_vars
 *fill*         0x000000002000630e        0x2 
 COMMON         0x0000000020006310       0x40 build/openmote-cc2538_armgcc/openapps/libopenapps.a(opencoap.o)
                0x0000000020006310                opencoap_vars
 COMMON         0x0000000020006350       0x38 build/openmote-cc2538_armgcc/openapps/libopenapps.a(cinfo.o)